{"t":"2026-10-03T02:47:49Z","event":"attempt","cell":"AA","lane":0,"run":264}
{"t":"2026-10-03T02:48:39Z","event":"runner_start","run":264,"arm_ready":"2026-10-03T02:48:39Z"}
{"t":"2026-10-03T04:07:01Z","event":"runner_exit","run":264,"exit":"0","waited_s":4680}
{"t":"2026-10-03T04:09:18Z","event":"run_closed","run":264}
{"t":"2026-10-03T04:09:18Z","event":"attempt","cell":"AA","lane":0,"run":268}
{"t":"2026-10-03T04:10:05Z","event":"runner_start","run":268,"arm_ready":"2026-10-03T04:10:05Z"}
{"t":"2026-10-03T05:29:27Z","event":"runner_exit","run":268,"exit":"0","waited_s":4740}
{"t":"2026-10-03T05:31:46Z","event":"run_closed","run":268}
{"t":"2026-10-03T05:31:46Z","event":"attempt","cell":"AA","lane":0,"run":272}
{"t":"2026-10-03T05:32:36Z","event":"runner_start","run":272,"arm_ready":"2026-10-03T05:32:36Z"}
{"t":"2026-10-03T06:51:58Z","event":"runner_exit","run":272,"exit":"0","waited_s":4740}
{"t":"2026-10-03T06:54:15Z","event":"run_closed","run":272}
{"t":"2026-10-03T06:54:15Z","event":"attempt","cell":"AA","lane":0,"run":276}
{"t":"2026-10-03T06:55:04Z","event":"runner_start","run":276,"arm_ready":"2026-10-03T06:55:04Z"}
{"t":"2026-10-03T08:14:26Z","event":"runner_exit","run":276,"exit":"0","waited_s":4740}
{"t":"2026-10-03T08:16:43Z","event":"run_closed","run":276}
{"t":"2026-10-03T08:16:43Z","event":"attempt","cell":"AA","lane":0,"run":280}
{"t":"2026-10-03T08:17:34Z","event":"runner_start","run":280,"arm_ready":"2026-10-03T08:17:34Z"}
{"t":"2026-10-03T09:36:56Z","event":"runner_exit","run":280,"exit":"0","waited_s":4740}
{"t":"2026-10-03T09:39:16Z","event":"run_closed","run":280}
{"t":"2026-10-03T09:39:16Z","event":"attempt","cell":"AA","lane":0,"run":284}
{"t":"2026-10-03T09:40:01Z","event":"runner_start","run":284,"arm_ready":"2026-10-03T09:40:01Z"}
{"t":"2026-10-03T10:59:23Z","event":"runner_exit","run":284,"exit":"0","waited_s":4740}
{"t":"2026-10-03T11:01:44Z","event":"run_closed","run":284}
{"t":"2026-10-03T11:01:44Z","event":"attempt","cell":"AA","lane":0,"run":290}
{"t":"2026-10-03T11:02:25Z","event":"runner_start","run":290,"arm_ready":"2026-10-03T11:02:25Z"}
{"t":"2026-10-03T12:21:46Z","event":"runner_exit","run":290,"exit":"0","waited_s":4740}
{"t":"2026-10-03T12:24:12Z","event":"run_closed","run":290}
{"t":"2026-10-03T12:24:12Z","event":"attempt","cell":"AA","lane":0,"run":293}
{"t":"2026-10-03T12:25:10Z","event":"runner_start","run":293,"arm_ready":"2026-10-03T12:25:10Z"}
{"t":"2026-10-03T13:44:32Z","event":"runner_exit","run":293,"exit":"0","waited_s":4740}
{"t":"2026-10-03T13:46:55Z","event":"run_closed","run":293}
{"t":"2026-10-03T13:46:55Z","event":"attempt","cell":"AA","lane":0,"run":297}
{"t":"2026-10-03T13:47:52Z","event":"runner_start","run":297,"arm_ready":"2026-10-03T13:47:52Z"}
{"t":"2026-10-03T15:06:15Z","event":"runner_exit","run":297,"exit":"0","waited_s":4680}
{"t":"2026-10-03T15:08:31Z","event":"run_closed","run":297}
{"t":"2026-10-03T15:08:31Z","event":"attempt","cell":"AA","lane":0,"run":300}
{"t":"2026-10-03T15:09:20Z","event":"runner_start","run":300,"arm_ready":"2026-10-03T15:09:20Z"}
{"t":"2026-10-03T16:28:42Z","event":"runner_exit","run":300,"exit":"0","waited_s":4740}
{"t":"2026-10-03T16:30:58Z","event":"run_closed","run":300}
{"t":"2026-10-03T16:30:58Z","event":"attempt","cell":"AA","lane":0,"run":304}
{"t":"2026-10-03T16:31:47Z","event":"runner_start","run":304,"arm_ready":"2026-10-03T16:31:47Z"}
{"t":"2026-10-03T17:50:10Z","event":"runner_exit","run":304,"exit":"0","waited_s":4680}
{"t":"2026-10-03T17:52:26Z","event":"run_closed","run":304}
{"t":"2026-10-03T17:52:26Z","event":"attempt","cell":"AA","lane":0,"run":308}
{"t":"2026-10-03T17:53:05Z","event":"runner_start","run":308,"arm_ready":"2026-10-03T17:53:05Z"}
{"t":"2026-10-03T19:12:27Z","event":"runner_exit","run":308,"exit":"0","waited_s":4740}
{"t":"2026-10-03T19:14:44Z","event":"run_closed","run":308}
{"t":"2026-10-03T19:14:44Z","event":"attempt","cell":"AA","lane":0,"run":312}
{"t":"2026-10-03T19:15:33Z","event":"runner_start","run":312,"arm_ready":"2026-10-03T19:15:33Z"}
{"t":"2026-10-03T20:34:55Z","event":"runner_exit","run":312,"exit":"0","waited_s":4740}
{"t":"2026-10-03T20:37:12Z","event":"run_closed","run":312}
{"t":"2026-10-03T20:37:12Z","event":"attempt","cell":"AA","lane":0,"run":317}
{"t":"2026-10-03T20:38:01Z","event":"runner_start","run":317,"arm_ready":"2026-10-03T20:38:01Z"}
{"t":"2026-10-03T21:57:23Z","event":"runner_exit","run":317,"exit":"0","waited_s":4740}
{"t":"2026-10-03T21:59:39Z","event":"run_closed","run":317}
{"t":"2026-10-03T21:59:39Z","event":"attempt","cell":"AA","lane":0,"run":321}
{"t":"2026-10-03T22:00:45Z","event":"runner_start","run":321,"arm_ready":"2026-10-03T22:00:45Z"}
{"t":"2026-10-03T23:19:08Z","event":"runner_exit","run":321,"exit":"0","waited_s":4680}
{"t":"2026-10-03T23:21:24Z","event":"run_closed","run":321}
{"t":"2026-10-03T23:21:24Z","event":"attempt","cell":"AA","lane":0,"run":324}
{"t":"2026-10-03T23:22:13Z","event":"runner_start","run":324,"arm_ready":"2026-10-03T23:22:13Z"}
{"t":"2026-10-04T00:41:34Z","event":"runner_exit","run":324,"exit":"0","waited_s":4740}
{"t":"2026-10-04T00:43:51Z","event":"run_closed","run":324}
{"t":"2026-10-04T00:43:51Z","event":"attempt","cell":"AA","lane":0,"run":328}
{"t":"2026-10-04T00:45:08Z","event":"runner_start","run":328,"arm_ready":"2026-10-04T00:45:08Z"}
{"t":"2026-10-04T02:04:30Z","event":"runner_exit","run":328,"exit":"0","waited_s":4740}
{"t":"2026-10-04T02:06:47Z","event":"run_closed","run":328}
{"t":"2026-10-04T02:06:47Z","event":"attempt","cell":"AA","lane":0,"run":333}
{"t":"2026-10-04T02:07:37Z","event":"runner_start","run":333,"arm_ready":"2026-10-04T02:07:37Z"}
{"t":"2026-10-04T03:26:59Z","event":"runner_exit","run":333,"exit":"0","waited_s":4740}
{"t":"2026-10-04T03:29:20Z","event":"run_closed","run":333}
{"t":"2026-10-04T03:29:20Z","event":"attempt","cell":"AA","lane":0,"run":337}
{"t":"2026-10-04T03:30:08Z","event":"runner_start","run":337,"arm_ready":"2026-10-04T03:30:08Z"}
{"t":"2026-10-04T04:49:29Z","event":"runner_exit","run":337,"exit":"0","waited_s":4740}
{"t":"2026-10-04T04:51:46Z","event":"run_closed","run":337}
{"t":"2026-10-04T04:51:46Z","event":"attempt","cell":"AA","lane":0,"run":341}
{"t":"2026-10-04T04:52:35Z","event":"runner_start","run":341,"arm_ready":"2026-10-04T04:52:35Z"}
{"t":"2026-10-04T06:11:57Z","event":"runner_exit","run":341,"exit":"0","waited_s":4740}
{"t":"2026-10-04T06:14:14Z","event":"run_closed","run":341}
{"t":"2026-10-04T06:14:14Z","event":"attempt","cell":"AA","lane":0,"run":346}
{"t":"2026-10-04T06:15:05Z","event":"runner_start","run":346,"arm_ready":"2026-10-04T06:15:05Z"}
{"t":"2026-10-04T07:34:27Z","event":"runner_exit","run":346,"exit":"0","waited_s":4740}
{"t":"2026-10-04T07:36:50Z","event":"run_closed","run":346}
{"t":"2026-10-04T07:36:50Z","event":"attempt","cell":"AA","lane":0,"run":350}
{"t":"2026-10-04T07:37:26Z","event":"runner_start","run":350,"arm_ready":"2026-10-04T07:37:26Z"}
{"t":"2026-10-04T08:56:48Z","event":"runner_exit","run":350,"exit":"0","waited_s":4740}
{"t":"2026-10-04T08:59:07Z","event":"run_closed","run":350}
{"t":"2026-10-04T08:59:07Z","event":"attempt","cell":"AA","lane":0,"run":355}
{"t":"2026-10-04T08:59:54Z","event":"runner_start","run":355,"arm_ready":"2026-10-04T08:59:54Z"}
{"t":"2026-10-04T10:18:17Z","event":"runner_exit","run":355,"exit":"0","waited_s":4680}
{"t":"2026-10-04T10:20:42Z","event":"run_closed","run":355}
{"t":"2026-10-04T10:20:42Z","event":"attempt","cell":"AA","lane":0,"run":358}
{"t":"2026-10-04T10:21:34Z","event":"runner_start","run":358,"arm_ready":"2026-10-04T10:21:34Z"}
{"t":"2026-10-04T11:40:56Z","event":"runner_exit","run":358,"exit":"0","waited_s":4740}
{"t":"2026-10-04T11:43:14Z","event":"run_closed","run":358}
{"t":"2026-10-04T11:43:14Z","event":"attempt","cell":"AA","lane":0,"run":363}
{"t":"2026-10-04T11:44:02Z","event":"runner_start","run":363,"arm_ready":"2026-10-04T11:44:02Z"}
{"t":"2026-10-04T13:03:24Z","event":"runner_exit","run":363,"exit":"0","waited_s":4740}
{"t":"2026-10-04T13:05:42Z","event":"run_closed","run":363}
{"t":"2026-10-04T13:05:42Z","event":"attempt","cell":"AA","lane":0,"run":367}
{"t":"2026-10-04T13:06:30Z","event":"runner_start","run":367,"arm_ready":"2026-10-04T13:06:30Z"}
{"t":"2026-10-04T14:25:52Z","event":"runner_exit","run":367,"exit":"0","waited_s":4740}
{"t":"2026-10-04T14:28:09Z","event":"run_closed","run":367}
{"t":"2026-10-04T14:28:09Z","event":"attempt","cell":"AA","lane":0,"run":371}
{"t":"2026-10-04T14:29:09Z","event":"runner_start","run":371,"arm_ready":"2026-10-04T14:29:09Z"}
{"t":"2026-10-04T15:48:31Z","event":"runner_exit","run":371,"exit":"0","waited_s":4740}
{"t":"2026-10-04T15:50:50Z","event":"run_closed","run":371}
{"t":"2026-10-04T15:50:50Z","event":"attempt","cell":"AA","lane":0,"run":375}
{"t":"2026-10-04T15:51:38Z","event":"runner_start","run":375,"arm_ready":"2026-10-04T15:51:38Z"}
{"t":"2026-10-04T17:11:00Z","event":"runner_exit","run":375,"exit":"0","waited_s":4740}
{"t":"2026-10-04T17:13:22Z","event":"run_closed","run":375}
{"t":"2026-10-04T17:13:22Z","event":"attempt","cell":"AA","lane":0,"run":379}
{"t":"2026-10-04T17:14:11Z","event":"runner_start","run":379,"arm_ready":"2026-10-04T17:14:11Z"}
{"t":"2026-10-04T18:33:33Z","event":"runner_exit","run":379,"exit":"0","waited_s":4740}
{"t":"2026-10-04T18:35:50Z","event":"run_closed","run":379}
{"t":"2026-10-04T18:35:50Z","event":"attempt","cell":"AA","lane":0,"run":383}
{"t":"2026-10-04T18:36:38Z","event":"runner_start","run":383,"arm_ready":"2026-10-04T18:36:38Z"}
{"t":"2026-10-04T19:55:00Z","event":"runner_exit","run":383,"exit":"0","waited_s":4680}
{"t":"2026-10-04T19:57:20Z","event":"run_closed","run":383}
{"t":"2026-10-04T19:57:20Z","event":"attempt","cell":"AA","lane":0,"run":386}
{"t":"2026-10-04T19:58:10Z","event":"runner_start","run":386,"arm_ready":"2026-10-04T19:58:10Z"}
{"t":"2026-10-04T21:17:32Z","event":"runner_exit","run":386,"exit":"0","waited_s":4740}
{"t":"2026-10-04T21:19:51Z","event":"run_closed","run":386}
{"t":"2026-10-04T21:19:51Z","event":"attempt","cell":"AA","lane":0,"run":390}
{"t":"2026-10-04T21:20:41Z","event":"runner_start","run":390,"arm_ready":"2026-10-04T21:20:41Z"}
{"t":"2026-10-04T22:39:04Z","event":"runner_exit","run":390,"exit":"0","waited_s":4680}
{"t":"2026-10-04T22:41:20Z","event":"run_closed","run":390}
{"t":"2026-10-04T22:41:20Z","event":"attempt","cell":"AA","lane":0,"run":393}
{"t":"2026-10-04T22:42:09Z","event":"runner_start","run":393,"arm_ready":"2026-10-04T22:42:09Z"}
{"t":"2026-10-05T00:01:31Z","event":"runner_exit","run":393,"exit":"0","waited_s":4740}
{"t":"2026-10-05T00:03:48Z","event":"run_closed","run":393}
{"t":"2026-10-05T00:03:48Z","event":"attempt","cell":"AA","lane":0,"run":397}
{"t":"2026-10-05T00:04:36Z","event":"runner_start","run":397,"arm_ready":"2026-10-05T00:04:36Z"}
{"t":"2026-10-05T01:23:58Z","event":"runner_exit","run":397,"exit":"0","waited_s":4740}
{"t":"2026-10-05T01:26:15Z","event":"run_closed","run":397}
{"t":"2026-10-05T01:26:15Z","event":"attempt","cell":"AA","lane":0,"run":401}
{"t":"2026-10-05T01:27:05Z","event":"runner_start","run":401,"arm_ready":"2026-10-05T01:27:05Z"}
{"t":"2026-10-05T02:46:27Z","event":"runner_exit","run":401,"exit":"0","waited_s":4740}
{"t":"2026-10-05T02:48:47Z","event":"run_closed","run":401}
{"t":"2026-10-05T02:48:47Z","event":"attempt","cell":"AA","lane":0,"run":406}
{"t":"2026-10-05T02:50:01Z","event":"runner_start","run":406,"arm_ready":"2026-10-05T02:50:01Z"}
{"t":"2026-10-05T04:09:23Z","event":"runner_exit","run":406,"exit":"0","waited_s":4740}
{"t":"2026-10-05T04:11:43Z","event":"run_closed","run":406}
{"t":"2026-10-05T04:11:43Z","event":"attempt","cell":"AA","lane":0,"run":410}
{"t":"2026-10-05T04:12:35Z","event":"runner_start","run":410,"arm_ready":"2026-10-05T04:12:35Z"}
{"t":"2026-10-05T05:31:57Z","event":"runner_exit","run":410,"exit":"0","waited_s":4740}
{"t":"2026-10-05T05:34:14Z","event":"run_closed","run":410}
{"t":"2026-10-05T05:34:14Z","event":"attempt","cell":"AA","lane":0,"run":415}
{"t":"2026-10-05T05:35:02Z","event":"runner_start","run":415,"arm_ready":"2026-10-05T05:35:02Z"}
{"t":"2026-10-05T06:54:24Z","event":"runner_exit","run":415,"exit":"0","waited_s":4740}
{"t":"2026-10-05T06:56:45Z","event":"run_closed","run":415}
{"t":"2026-10-05T06:56:45Z","event":"attempt","cell":"AA","lane":0,"run":419}
{"t":"2026-10-05T06:57:33Z","event":"runner_start","run":419,"arm_ready":"2026-10-05T06:57:33Z"}
{"t":"2026-10-05T08:16:55Z","event":"runner_exit","run":419,"exit":"0","waited_s":4740}
{"t":"2026-10-05T08:19:16Z","event":"run_closed","run":419}
{"t":"2026-10-05T08:19:16Z","event":"attempt","cell":"AA","lane":0,"run":423}
{"t":"2026-10-05T08:19:52Z","event":"runner_start","run":423,"arm_ready":"2026-10-05T08:19:52Z"}
{"t":"2026-10-05T09:38:14Z","event":"runner_exit","run":423,"exit":"0","waited_s":4680}
{"t":"2026-10-05T09:40:31Z","event":"run_closed","run":423}
{"t":"2026-10-05T09:40:31Z","event":"attempt","cell":"AA","lane":0,"run":427}
{"t":"2026-10-05T09:41:19Z","event":"runner_start","run":427,"arm_ready":"2026-10-05T09:41:19Z"}
{"t":"2026-10-05T11:00:41Z","event":"runner_exit","run":427,"exit":"0","waited_s":4740}
{"t":"2026-10-05T11:02:58Z","event":"run_closed","run":427}
{"t":"2026-10-05T11:02:58Z","event":"attempt","cell":"AA","lane":0,"run":431}
{"t":"2026-10-05T11:03:46Z","event":"runner_start","run":431,"arm_ready":"2026-10-05T11:03:46Z"}
{"t":"2026-10-05T12:22:09Z","event":"runner_exit","run":431,"exit":"0","waited_s":4680}
{"t":"2026-10-05T12:24:26Z","event":"run_closed","run":431}
{"t":"2026-10-05T12:24:26Z","event":"attempt","cell":"AA","lane":0,"run":435}
{"t":"2026-10-05T12:25:14Z","event":"runner_start","run":435,"arm_ready":"2026-10-05T12:25:13Z"}
{"t":"2026-10-05T13:44:35Z","event":"runner_exit","run":435,"exit":"0","waited_s":4740}
{"t":"2026-10-05T13:46:52Z","event":"run_closed","run":435}
{"t":"2026-10-05T13:46:52Z","event":"attempt","cell":"AA","lane":0,"run":439}
{"t":"2026-10-05T13:47:40Z","event":"runner_start","run":439,"arm_ready":"2026-10-05T13:47:40Z"}
{"t":"2026-10-05T15:06:03Z","event":"runner_exit","run":439,"exit":"0","waited_s":4680}
{"t":"2026-10-05T15:08:20Z","event":"run_closed","run":439}
{"t":"2026-10-05T15:08:20Z","event":"attempt","cell":"AA","lane":0,"run":443}
{"t":"2026-10-05T15:09:08Z","event":"runner_start","run":443,"arm_ready":"2026-10-05T15:09:08Z"}
{"t":"2026-10-05T16:28:30Z","event":"runner_exit","run":443,"exit":"0","waited_s":4740}
{"t":"2026-10-05T16:30:47Z","event":"run_closed","run":443}
{"t":"2026-10-05T16:30:47Z","event":"attempt","cell":"AA","lane":0,"run":447}
{"t":"2026-10-05T16:31:35Z","event":"runner_start","run":447,"arm_ready":"2026-10-05T16:31:35Z"}
{"t":"2026-10-05T17:50:57Z","event":"runner_exit","run":447,"exit":"0","waited_s":4740}
{"t":"2026-10-05T17:53:15Z","event":"run_closed","run":447}
{"t":"2026-10-05T17:53:15Z","event":"attempt","cell":"AA","lane":0,"run":451}
{"t":"2026-10-05T17:53:50Z","event":"runner_start","run":451,"arm_ready":"2026-10-05T17:53:50Z"}
{"t":"2026-10-05T19:12:12Z","event":"runner_exit","run":451,"exit":"0","waited_s":4680}
{"t":"2026-10-05T19:14:32Z","event":"run_closed","run":451}
{"t":"2026-10-05T19:14:32Z","event":"attempt","cell":"AA","lane":0,"run":455}
{"t":"2026-10-05T19:15:21Z","event":"runner_start","run":455,"arm_ready":"2026-10-05T19:15:21Z"}
{"t":"2026-10-05T20:34:43Z","event":"runner_exit","run":455,"exit":"0","waited_s":4740}
{"t":"2026-10-05T20:37:03Z","event":"run_closed","run":455}
{"t":"2026-10-05T20:37:03Z","event":"attempt","cell":"AA","lane":0,"run":459}
{"t":"2026-10-05T20:37:51Z","event":"runner_start","run":459,"arm_ready":"2026-10-05T20:37:51Z"}
{"t":"2026-10-05T21:56:14Z","event":"runner_exit","run":459,"exit":"0","waited_s":4680}
{"t":"2026-10-05T21:58:33Z","event":"run_closed","run":459}
{"t":"2026-10-05T21:58:33Z","event":"attempt","cell":"AA","lane":0,"run":463}
{"t":"2026-10-05T21:59:21Z","event":"runner_start","run":463,"arm_ready":"2026-10-05T21:59:21Z"}
{"t":"2026-10-05T23:18:43Z","event":"runner_exit","run":463,"exit":"0","waited_s":4740}
{"t":"2026-10-05T23:21:02Z","event":"run_closed","run":463}
{"t":"2026-10-05T23:21:02Z","event":"lane_done","lane":0,"runs":50}
