{"t":"2026-10-03T02:49:04Z","event":"attempt","cell":"AA","lane":3,"run":267}
{"t":"2026-10-03T02:49:54Z","event":"runner_start","run":267,"arm_ready":"2026-10-03T02:49:54Z"}
{"t":"2026-10-03T04:08:17Z","event":"runner_exit","run":267,"exit":"0","waited_s":4680}
{"t":"2026-10-03T04:10:33Z","event":"run_closed","run":267}
{"t":"2026-10-03T04:10:33Z","event":"attempt","cell":"AA","lane":3,"run":269}
{"t":"2026-10-03T04:11:26Z","event":"runner_start","run":269,"arm_ready":"2026-10-03T04:11:26Z"}
{"t":"2026-10-03T05:30:48Z","event":"runner_exit","run":269,"exit":"0","waited_s":4740}
{"t":"2026-10-03T05:33:05Z","event":"run_closed","run":269}
{"t":"2026-10-03T05:33:05Z","event":"attempt","cell":"AA","lane":3,"run":274}
{"t":"2026-10-03T05:33:55Z","event":"runner_start","run":274,"arm_ready":"2026-10-03T05:33:55Z"}
{"t":"2026-10-03T06:52:17Z","event":"runner_exit","run":274,"exit":"0","waited_s":4680}
{"t":"2026-10-03T06:54:33Z","event":"run_closed","run":274}
{"t":"2026-10-03T06:54:33Z","event":"attempt","cell":"AA","lane":3,"run":277}
{"t":"2026-10-03T06:55:24Z","event":"runner_start","run":277,"arm_ready":"2026-10-03T06:55:24Z"}
{"t":"2026-10-03T08:14:46Z","event":"runner_exit","run":277,"exit":"0","waited_s":4740}
{"t":"2026-10-03T08:17:11Z","event":"run_closed","run":277}
{"t":"2026-10-03T08:17:11Z","event":"attempt","cell":"AA","lane":3,"run":281}
{"t":"2026-10-03T08:18:07Z","event":"runner_start","run":281,"arm_ready":"2026-10-03T08:18:07Z"}
{"t":"2026-10-03T09:37:29Z","event":"runner_exit","run":281,"exit":"0","waited_s":4740}
{"t":"2026-10-03T09:39:52Z","event":"run_closed","run":281}
{"t":"2026-10-03T09:39:53Z","event":"attempt","cell":"AA","lane":3,"run":286}
{"t":"2026-10-03T09:40:38Z","event":"runner_start","run":286,"arm_ready":"2026-10-03T09:40:38Z"}
{"t":"2026-10-03T10:59:03Z","event":"runner_exit","run":286,"exit":"0","waited_s":4680}
{"t":"2026-10-03T11:01:27Z","event":"run_closed","run":286}
{"t":"2026-10-03T11:01:27Z","event":"attempt","cell":"AA","lane":3,"run":289}
{"t":"2026-10-03T11:02:27Z","event":"runner_start","run":289,"arm_ready":"2026-10-03T11:02:27Z"}
{"t":"2026-10-03T12:21:48Z","event":"runner_exit","run":289,"exit":"0","waited_s":4740}
{"t":"2026-10-03T12:24:15Z","event":"run_closed","run":289}
{"t":"2026-10-03T12:24:15Z","event":"attempt","cell":"AA","lane":3,"run":294}
{"t":"2026-10-03T12:25:14Z","event":"runner_start","run":294,"arm_ready":"2026-10-03T12:25:14Z"}
{"t":"2026-10-03T13:44:36Z","event":"runner_exit","run":294,"exit":"0","waited_s":4740}
{"t":"2026-10-03T13:47:05Z","event":"run_closed","run":294}
{"t":"2026-10-03T13:47:05Z","event":"attempt","cell":"AA","lane":3,"run":298}
{"t":"2026-10-03T13:48:01Z","event":"runner_start","run":298,"arm_ready":"2026-10-03T13:48:01Z"}
{"t":"2026-10-03T15:07:23Z","event":"runner_exit","run":298,"exit":"0","waited_s":4740}
{"t":"2026-10-03T15:09:44Z","event":"run_closed","run":298}
{"t":"2026-10-03T15:09:44Z","event":"attempt","cell":"AA","lane":3,"run":302}
{"t":"2026-10-03T15:10:35Z","event":"runner_start","run":302,"arm_ready":"2026-10-03T15:10:35Z"}
{"t":"2026-10-03T16:29:58Z","event":"runner_exit","run":302,"exit":"0","waited_s":4740}
{"t":"2026-10-03T16:32:21Z","event":"run_closed","run":302}
{"t":"2026-10-03T16:32:21Z","event":"attempt","cell":"AA","lane":3,"run":306}
{"t":"2026-10-03T16:33:13Z","event":"runner_start","run":306,"arm_ready":"2026-10-03T16:33:13Z"}
{"t":"2026-10-03T17:52:35Z","event":"runner_exit","run":306,"exit":"0","waited_s":4740}
{"t":"2026-10-03T17:54:59Z","event":"run_closed","run":306}
{"t":"2026-10-03T17:54:59Z","event":"attempt","cell":"AA","lane":3,"run":310}
{"t":"2026-10-03T17:55:52Z","event":"runner_start","run":310,"arm_ready":"2026-10-03T17:55:52Z"}
{"t":"2026-10-03T19:14:14Z","event":"runner_exit","run":310,"exit":"0","waited_s":4680}
{"t":"2026-10-03T19:16:32Z","event":"run_closed","run":310}
{"t":"2026-10-03T19:16:32Z","event":"attempt","cell":"AA","lane":3,"run":315}
{"t":"2026-10-03T19:17:21Z","event":"runner_start","run":315,"arm_ready":"2026-10-03T19:17:21Z"}
{"t":"2026-10-03T20:36:43Z","event":"runner_exit","run":315,"exit":"0","waited_s":4740}
{"t":"2026-10-03T20:39:07Z","event":"run_closed","run":315}
{"t":"2026-10-03T20:39:07Z","event":"attempt","cell":"AA","lane":3,"run":319}
{"t":"2026-10-03T20:39:55Z","event":"runner_start","run":319,"arm_ready":"2026-10-03T20:39:55Z"}
{"t":"2026-10-03T21:58:18Z","event":"runner_exit","run":319,"exit":"0","waited_s":4680}
{"t":"2026-10-03T22:00:38Z","event":"run_closed","run":319}
{"t":"2026-10-03T22:00:38Z","event":"attempt","cell":"AA","lane":3,"run":323}
{"t":"2026-10-03T22:01:41Z","event":"runner_start","run":323,"arm_ready":"2026-10-03T22:01:41Z"}
{"t":"2026-10-03T23:20:03Z","event":"runner_exit","run":323,"exit":"0","waited_s":4680}
{"t":"2026-10-03T23:22:20Z","event":"run_closed","run":323}
{"t":"2026-10-03T23:22:20Z","event":"attempt","cell":"AA","lane":3,"run":326}
{"t":"2026-10-03T23:23:10Z","event":"runner_start","run":326,"arm_ready":"2026-10-03T23:23:10Z"}
{"t":"2026-10-04T00:42:32Z","event":"runner_exit","run":326,"exit":"0","waited_s":4740}
{"t":"2026-10-04T00:44:49Z","event":"run_closed","run":326}
{"t":"2026-10-04T00:44:49Z","event":"attempt","cell":"AA","lane":3,"run":331}
{"t":"2026-10-04T00:46:05Z","event":"runner_start","run":331,"arm_ready":"2026-10-04T00:46:05Z"}
{"t":"2026-10-04T02:05:26Z","event":"runner_exit","run":331,"exit":"0","waited_s":4740}
{"t":"2026-10-04T02:07:44Z","event":"run_closed","run":331}
{"t":"2026-10-04T02:07:44Z","event":"attempt","cell":"AA","lane":3,"run":334}
{"t":"2026-10-04T02:08:46Z","event":"runner_start","run":334,"arm_ready":"2026-10-04T02:08:46Z"}
{"t":"2026-10-04T03:27:08Z","event":"runner_exit","run":334,"exit":"0","waited_s":4680}
{"t":"2026-10-04T03:29:36Z","event":"run_closed","run":334}
{"t":"2026-10-04T03:29:36Z","event":"attempt","cell":"AA","lane":3,"run":339}
{"t":"2026-10-04T03:30:22Z","event":"runner_start","run":339,"arm_ready":"2026-10-04T03:30:22Z"}
{"t":"2026-10-04T04:49:44Z","event":"runner_exit","run":339,"exit":"0","waited_s":4740}
{"t":"2026-10-04T04:52:00Z","event":"run_closed","run":339}
{"t":"2026-10-04T04:52:00Z","event":"attempt","cell":"AA","lane":3,"run":342}
{"t":"2026-10-04T04:52:53Z","event":"runner_start","run":342,"arm_ready":"2026-10-04T04:52:53Z"}
{"t":"2026-10-04T06:11:15Z","event":"runner_exit","run":342,"exit":"0","waited_s":4680}
{"t":"2026-10-04T06:13:32Z","event":"run_closed","run":342}
{"t":"2026-10-04T06:13:32Z","event":"attempt","cell":"AA","lane":3,"run":345}
{"t":"2026-10-04T06:14:21Z","event":"runner_start","run":345,"arm_ready":"2026-10-04T06:14:21Z"}
{"t":"2026-10-04T07:33:43Z","event":"runner_exit","run":345,"exit":"0","waited_s":4740}
{"t":"2026-10-04T07:36:00Z","event":"run_closed","run":345}
{"t":"2026-10-04T07:36:00Z","event":"attempt","cell":"AA","lane":3,"run":349}
{"t":"2026-10-04T07:36:50Z","event":"runner_start","run":349,"arm_ready":"2026-10-04T07:36:50Z"}
{"t":"2026-10-04T08:55:12Z","event":"runner_exit","run":349,"exit":"0","waited_s":4680}
{"t":"2026-10-04T08:57:28Z","event":"run_closed","run":349}
{"t":"2026-10-04T08:57:28Z","event":"attempt","cell":"AA","lane":3,"run":353}
{"t":"2026-10-04T08:58:17Z","event":"runner_start","run":353,"arm_ready":"2026-10-04T08:58:17Z"}
{"t":"2026-10-04T10:17:39Z","event":"runner_exit","run":353,"exit":"0","waited_s":4740}
{"t":"2026-10-04T10:19:56Z","event":"run_closed","run":353}
{"t":"2026-10-04T10:19:56Z","event":"attempt","cell":"AA","lane":3,"run":357}
{"t":"2026-10-04T10:20:47Z","event":"runner_start","run":357,"arm_ready":"2026-10-04T10:20:47Z"}
{"t":"2026-10-04T11:39:09Z","event":"runner_exit","run":357,"exit":"0","waited_s":4680}
{"t":"2026-10-04T11:41:27Z","event":"run_closed","run":357}
{"t":"2026-10-04T11:41:27Z","event":"attempt","cell":"AA","lane":3,"run":361}
{"t":"2026-10-04T11:42:30Z","event":"runner_start","run":361,"arm_ready":"2026-10-04T11:42:30Z"}
{"t":"2026-10-04T13:01:51Z","event":"runner_exit","run":361,"exit":"0","waited_s":4740}
{"t":"2026-10-04T13:04:08Z","event":"run_closed","run":361}
{"t":"2026-10-04T13:04:08Z","event":"attempt","cell":"AA","lane":3,"run":365}
{"t":"2026-10-04T13:04:58Z","event":"runner_start","run":365,"arm_ready":"2026-10-04T13:04:58Z"}
{"t":"2026-10-04T14:23:21Z","event":"runner_exit","run":365,"exit":"0","waited_s":4680}
{"t":"2026-10-04T14:25:37Z","event":"run_closed","run":365}
{"t":"2026-10-04T14:25:37Z","event":"attempt","cell":"AA","lane":3,"run":369}
{"t":"2026-10-04T14:26:26Z","event":"runner_start","run":369,"arm_ready":"2026-10-04T14:26:26Z"}
{"t":"2026-10-04T15:45:50Z","event":"runner_exit","run":369,"exit":"0","waited_s":4740}
{"t":"2026-10-04T15:48:07Z","event":"run_closed","run":369}
{"t":"2026-10-04T15:48:07Z","event":"attempt","cell":"AA","lane":3,"run":373}
{"t":"2026-10-04T15:48:57Z","event":"runner_start","run":373,"arm_ready":"2026-10-04T15:48:57Z"}
{"t":"2026-10-04T17:07:19Z","event":"runner_exit","run":373,"exit":"0","waited_s":4680}
{"t":"2026-10-04T17:09:36Z","event":"run_closed","run":373}
{"t":"2026-10-04T17:09:36Z","event":"attempt","cell":"AA","lane":3,"run":376}
{"t":"2026-10-04T17:10:12Z","event":"runner_start","run":376,"arm_ready":"2026-10-04T17:10:12Z"}
{"t":"2026-10-04T18:29:34Z","event":"runner_exit","run":376,"exit":"0","waited_s":4740}
{"t":"2026-10-04T18:31:51Z","event":"run_closed","run":376}
{"t":"2026-10-04T18:31:51Z","event":"attempt","cell":"AA","lane":3,"run":380}
{"t":"2026-10-04T18:32:40Z","event":"runner_start","run":380,"arm_ready":"2026-10-04T18:32:40Z"}
{"t":"2026-10-04T19:51:02Z","event":"runner_exit","run":380,"exit":"0","waited_s":4680}
{"t":"2026-10-04T19:53:19Z","event":"run_closed","run":380}
{"t":"2026-10-04T19:53:19Z","event":"attempt","cell":"AA","lane":3,"run":384}
{"t":"2026-10-04T19:54:06Z","event":"runner_start","run":384,"arm_ready":"2026-10-04T19:54:06Z"}
{"t":"2026-10-04T21:13:28Z","event":"runner_exit","run":384,"exit":"0","waited_s":4740}
{"t":"2026-10-04T21:15:45Z","event":"run_closed","run":384}
{"t":"2026-10-04T21:15:45Z","event":"attempt","cell":"AA","lane":3,"run":388}
{"t":"2026-10-04T21:16:45Z","event":"runner_start","run":388,"arm_ready":"2026-10-04T21:16:45Z"}
{"t":"2026-10-04T22:35:07Z","event":"runner_exit","run":388,"exit":"0","waited_s":4680}
{"t":"2026-10-04T22:37:24Z","event":"run_closed","run":388}
{"t":"2026-10-04T22:37:24Z","event":"attempt","cell":"AA","lane":3,"run":392}
{"t":"2026-10-04T22:37:59Z","event":"runner_start","run":392,"arm_ready":"2026-10-04T22:37:59Z"}
{"t":"2026-10-04T23:57:22Z","event":"runner_exit","run":392,"exit":"0","waited_s":4740}
{"t":"2026-10-04T23:59:39Z","event":"run_closed","run":392}
{"t":"2026-10-04T23:59:39Z","event":"attempt","cell":"AA","lane":3,"run":396}
{"t":"2026-10-05T00:00:28Z","event":"runner_start","run":396,"arm_ready":"2026-10-05T00:00:28Z"}
{"t":"2026-10-05T01:19:50Z","event":"runner_exit","run":396,"exit":"0","waited_s":4740}
{"t":"2026-10-05T01:22:08Z","event":"run_closed","run":396}
{"t":"2026-10-05T01:22:08Z","event":"attempt","cell":"AA","lane":3,"run":400}
{"t":"2026-10-05T01:23:08Z","event":"runner_start","run":400,"arm_ready":"2026-10-05T01:23:08Z"}
{"t":"2026-10-05T02:42:30Z","event":"runner_exit","run":400,"exit":"0","waited_s":4740}
{"t":"2026-10-05T02:44:47Z","event":"run_closed","run":400}
{"t":"2026-10-05T02:44:47Z","event":"attempt","cell":"AA","lane":3,"run":404}
{"t":"2026-10-05T02:45:46Z","event":"runner_start","run":404,"arm_ready":"2026-10-05T02:45:46Z"}
{"t":"2026-10-05T04:04:09Z","event":"runner_exit","run":404,"exit":"0","waited_s":4680}
{"t":"2026-10-05T04:06:26Z","event":"run_closed","run":404}
{"t":"2026-10-05T04:06:26Z","event":"attempt","cell":"AA","lane":3,"run":408}
{"t":"2026-10-05T04:07:13Z","event":"runner_start","run":408,"arm_ready":"2026-10-05T04:07:13Z"}
{"t":"2026-10-05T05:26:35Z","event":"runner_exit","run":408,"exit":"0","waited_s":4740}
{"t":"2026-10-05T05:28:52Z","event":"run_closed","run":408}
{"t":"2026-10-05T05:28:52Z","event":"attempt","cell":"AA","lane":3,"run":412}
{"t":"2026-10-05T05:29:52Z","event":"runner_start","run":412,"arm_ready":"2026-10-05T05:29:52Z"}
{"t":"2026-10-05T06:48:15Z","event":"runner_exit","run":412,"exit":"0","waited_s":4680}
{"t":"2026-10-05T06:50:32Z","event":"run_closed","run":412}
{"t":"2026-10-05T06:50:32Z","event":"attempt","cell":"AA","lane":3,"run":416}
{"t":"2026-10-05T06:51:44Z","event":"runner_start","run":416,"arm_ready":"2026-10-05T06:51:44Z"}
{"t":"2026-10-05T08:10:07Z","event":"runner_exit","run":416,"exit":"0","waited_s":4680}
{"t":"2026-10-05T08:12:24Z","event":"run_closed","run":416}
{"t":"2026-10-05T08:12:24Z","event":"attempt","cell":"AA","lane":3,"run":420}
{"t":"2026-10-05T08:13:24Z","event":"runner_start","run":420,"arm_ready":"2026-10-05T08:13:24Z"}
{"t":"2026-10-05T09:32:46Z","event":"runner_exit","run":420,"exit":"0","waited_s":4740}
{"t":"2026-10-05T09:35:03Z","event":"run_closed","run":420}
{"t":"2026-10-05T09:35:03Z","event":"attempt","cell":"AA","lane":3,"run":424}
{"t":"2026-10-05T09:35:51Z","event":"runner_start","run":424,"arm_ready":"2026-10-05T09:35:51Z"}
{"t":"2026-10-05T10:54:13Z","event":"runner_exit","run":424,"exit":"0","waited_s":4680}
{"t":"2026-10-05T10:56:30Z","event":"run_closed","run":424}
{"t":"2026-10-05T10:56:30Z","event":"attempt","cell":"AA","lane":3,"run":428}
{"t":"2026-10-05T10:57:18Z","event":"runner_start","run":428,"arm_ready":"2026-10-05T10:57:18Z"}
{"t":"2026-10-05T12:16:40Z","event":"runner_exit","run":428,"exit":"0","waited_s":4740}
{"t":"2026-10-05T12:18:57Z","event":"run_closed","run":428}
{"t":"2026-10-05T12:18:57Z","event":"attempt","cell":"AA","lane":3,"run":432}
{"t":"2026-10-05T12:19:45Z","event":"runner_start","run":432,"arm_ready":"2026-10-05T12:19:45Z"}
{"t":"2026-10-05T13:38:08Z","event":"runner_exit","run":432,"exit":"0","waited_s":4680}
{"t":"2026-10-05T13:40:25Z","event":"run_closed","run":432}
{"t":"2026-10-05T13:40:25Z","event":"attempt","cell":"AA","lane":3,"run":436}
{"t":"2026-10-05T13:41:13Z","event":"runner_start","run":436,"arm_ready":"2026-10-05T13:41:13Z"}
{"t":"2026-10-05T15:00:34Z","event":"runner_exit","run":436,"exit":"0","waited_s":4740}
{"t":"2026-10-05T15:02:52Z","event":"run_closed","run":436}
{"t":"2026-10-05T15:02:52Z","event":"attempt","cell":"AA","lane":3,"run":440}
{"t":"2026-10-05T15:03:52Z","event":"runner_start","run":440,"arm_ready":"2026-10-05T15:03:52Z"}
{"t":"2026-10-05T16:22:15Z","event":"runner_exit","run":440,"exit":"0","waited_s":4680}
{"t":"2026-10-05T16:24:32Z","event":"run_closed","run":440}
{"t":"2026-10-05T16:24:32Z","event":"attempt","cell":"AA","lane":3,"run":444}
{"t":"2026-10-05T16:25:20Z","event":"runner_start","run":444,"arm_ready":"2026-10-05T16:25:20Z"}
{"t":"2026-10-05T17:44:42Z","event":"runner_exit","run":444,"exit":"0","waited_s":4740}
{"t":"2026-10-05T17:46:59Z","event":"run_closed","run":444}
{"t":"2026-10-05T17:46:59Z","event":"attempt","cell":"AA","lane":3,"run":448}
{"t":"2026-10-05T17:47:47Z","event":"runner_start","run":448,"arm_ready":"2026-10-05T17:47:47Z"}
{"t":"2026-10-05T19:06:10Z","event":"runner_exit","run":448,"exit":"0","waited_s":4680}
{"t":"2026-10-05T19:08:27Z","event":"run_closed","run":448}
{"t":"2026-10-05T19:08:27Z","event":"attempt","cell":"AA","lane":3,"run":452}
{"t":"2026-10-05T19:09:27Z","event":"runner_start","run":452,"arm_ready":"2026-10-05T19:09:27Z"}
{"t":"2026-10-05T20:28:49Z","event":"runner_exit","run":452,"exit":"0","waited_s":4740}
{"t":"2026-10-05T20:31:06Z","event":"run_closed","run":452}
{"t":"2026-10-05T20:31:06Z","event":"attempt","cell":"AA","lane":3,"run":456}
{"t":"2026-10-05T20:32:06Z","event":"runner_start","run":456,"arm_ready":"2026-10-05T20:32:06Z"}
{"t":"2026-10-05T21:51:30Z","event":"runner_exit","run":456,"exit":"0","waited_s":4740}
{"t":"2026-10-05T21:53:47Z","event":"run_closed","run":456}
{"t":"2026-10-05T21:53:47Z","event":"attempt","cell":"AA","lane":3,"run":460}
{"t":"2026-10-05T21:54:48Z","event":"runner_start","run":460,"arm_ready":"2026-10-05T21:54:48Z"}
{"t":"2026-10-05T23:13:11Z","event":"runner_exit","run":460,"exit":"0","waited_s":4680}
{"t":"2026-10-05T23:15:28Z","event":"run_closed","run":460}
{"t":"2026-10-05T23:15:28Z","event":"lane_done","lane":3,"runs":50}
