{"t":"2026-10-03T02:48:39Z","event":"attempt","cell":"AA","lane":2,"run":266}
{"t":"2026-10-03T02:49:30Z","event":"runner_start","run":266,"arm_ready":"2026-10-03T02:49:30Z"}
{"t":"2026-10-03T04:08:53Z","event":"runner_exit","run":266,"exit":"0","waited_s":4740}
{"t":"2026-10-03T04:11:12Z","event":"run_closed","run":266}
{"t":"2026-10-03T04:11:12Z","event":"attempt","cell":"AA","lane":2,"run":271}
{"t":"2026-10-03T04:12:14Z","event":"runner_start","run":271,"arm_ready":"2026-10-03T04:12:14Z"}
{"t":"2026-10-03T05:31:36Z","event":"runner_exit","run":271,"exit":"0","waited_s":4740}
{"t":"2026-10-03T05:33:57Z","event":"run_closed","run":271}
{"t":"2026-10-03T05:33:57Z","event":"attempt","cell":"AA","lane":2,"run":275}
{"t":"2026-10-03T05:34:56Z","event":"runner_start","run":275,"arm_ready":"2026-10-03T05:34:56Z"}
{"t":"2026-10-03T06:53:19Z","event":"runner_exit","run":275,"exit":"0","waited_s":4680}
{"t":"2026-10-03T06:55:35Z","event":"run_closed","run":275}
{"t":"2026-10-03T06:55:35Z","event":"attempt","cell":"AA","lane":2,"run":279}
{"t":"2026-10-03T06:56:10Z","event":"runner_start","run":279,"arm_ready":"2026-10-03T06:56:10Z"}
{"t":"2026-10-03T08:15:32Z","event":"runner_exit","run":279,"exit":"0","waited_s":4740}
{"t":"2026-10-03T08:17:48Z","event":"run_closed","run":279}
{"t":"2026-10-03T08:17:49Z","event":"attempt","cell":"AA","lane":2,"run":283}
{"t":"2026-10-03T08:18:38Z","event":"runner_start","run":283,"arm_ready":"2026-10-03T08:18:38Z"}
{"t":"2026-10-03T09:37:00Z","event":"runner_exit","run":283,"exit":"0","waited_s":4680}
{"t":"2026-10-03T09:39:22Z","event":"run_closed","run":283}
{"t":"2026-10-03T09:39:22Z","event":"attempt","cell":"AA","lane":2,"run":285}
{"t":"2026-10-03T09:40:16Z","event":"runner_start","run":285,"arm_ready":"2026-10-03T09:40:16Z"}
{"t":"2026-10-03T10:59:37Z","event":"runner_exit","run":285,"exit":"0","waited_s":4740}
{"t":"2026-10-03T11:01:57Z","event":"run_closed","run":285}
{"t":"2026-10-03T11:01:57Z","event":"attempt","cell":"AA","lane":2,"run":291}
{"t":"2026-10-03T11:02:36Z","event":"runner_start","run":291,"arm_ready":"2026-10-03T11:02:36Z"}
{"t":"2026-10-03T12:21:58Z","event":"runner_exit","run":291,"exit":"0","waited_s":4740}
{"t":"2026-10-03T12:24:25Z","event":"run_closed","run":291}
{"t":"2026-10-03T12:24:25Z","event":"attempt","cell":"AA","lane":2,"run":295}
{"t":"2026-10-03T12:25:19Z","event":"runner_start","run":295,"arm_ready":"2026-10-03T12:25:19Z"}
{"t":"2026-10-03T13:44:41Z","event":"runner_exit","run":295,"exit":"0","waited_s":4740}
{"t":"2026-10-03T13:47:11Z","event":"run_closed","run":295}
{"t":"2026-10-03T13:47:11Z","event":"attempt","cell":"AA","lane":2,"run":299}
{"t":"2026-10-03T13:48:03Z","event":"runner_start","run":299,"arm_ready":"2026-10-03T13:48:03Z"}
{"t":"2026-10-03T15:07:25Z","event":"runner_exit","run":299,"exit":"0","waited_s":4740}
{"t":"2026-10-03T15:09:47Z","event":"run_closed","run":299}
{"t":"2026-10-03T15:09:48Z","event":"attempt","cell":"AA","lane":2,"run":303}
{"t":"2026-10-03T15:10:38Z","event":"runner_start","run":303,"arm_ready":"2026-10-03T15:10:38Z"}
{"t":"2026-10-03T16:29:59Z","event":"runner_exit","run":303,"exit":"0","waited_s":4740}
{"t":"2026-10-03T16:32:23Z","event":"run_closed","run":303}
{"t":"2026-10-03T16:32:23Z","event":"attempt","cell":"AA","lane":2,"run":307}
{"t":"2026-10-03T16:33:15Z","event":"runner_start","run":307,"arm_ready":"2026-10-03T16:33:15Z"}
{"t":"2026-10-03T17:52:37Z","event":"runner_exit","run":307,"exit":"0","waited_s":4740}
{"t":"2026-10-03T17:55:02Z","event":"run_closed","run":307}
{"t":"2026-10-03T17:55:02Z","event":"attempt","cell":"AA","lane":2,"run":311}
{"t":"2026-10-03T17:55:41Z","event":"runner_start","run":311,"arm_ready":"2026-10-03T17:55:41Z"}
{"t":"2026-10-03T19:14:03Z","event":"runner_exit","run":311,"exit":"0","waited_s":4680}
{"t":"2026-10-03T19:16:20Z","event":"run_closed","run":311}
{"t":"2026-10-03T19:16:20Z","event":"attempt","cell":"AA","lane":2,"run":314}
{"t":"2026-10-03T19:17:10Z","event":"runner_start","run":314,"arm_ready":"2026-10-03T19:17:10Z"}
{"t":"2026-10-03T20:36:32Z","event":"runner_exit","run":314,"exit":"0","waited_s":4740}
{"t":"2026-10-03T20:38:57Z","event":"run_closed","run":314}
{"t":"2026-10-03T20:38:57Z","event":"attempt","cell":"AA","lane":2,"run":318}
{"t":"2026-10-03T20:39:47Z","event":"runner_start","run":318,"arm_ready":"2026-10-03T20:39:47Z"}
{"t":"2026-10-03T21:58:10Z","event":"runner_exit","run":318,"exit":"0","waited_s":4680}
{"t":"2026-10-03T22:00:28Z","event":"run_closed","run":318}
{"t":"2026-10-03T22:00:28Z","event":"attempt","cell":"AA","lane":2,"run":322}
{"t":"2026-10-03T22:01:20Z","event":"runner_start","run":322,"arm_ready":"2026-10-03T22:01:20Z"}
{"t":"2026-10-03T23:20:42Z","event":"runner_exit","run":322,"exit":"0","waited_s":4740}
{"t":"2026-10-03T23:22:59Z","event":"run_closed","run":322}
{"t":"2026-10-03T23:22:59Z","event":"attempt","cell":"AA","lane":2,"run":327}
{"t":"2026-10-03T23:23:48Z","event":"runner_start","run":327,"arm_ready":"2026-10-03T23:23:48Z"}
{"t":"2026-10-04T00:42:10Z","event":"runner_exit","run":327,"exit":"0","waited_s":4680}
{"t":"2026-10-04T00:44:27Z","event":"run_closed","run":327}
{"t":"2026-10-04T00:44:27Z","event":"attempt","cell":"AA","lane":2,"run":330}
{"t":"2026-10-04T00:45:42Z","event":"runner_start","run":330,"arm_ready":"2026-10-04T00:45:42Z"}
{"t":"2026-10-04T02:04:05Z","event":"runner_exit","run":330,"exit":"0","waited_s":4680}
{"t":"2026-10-04T02:06:22Z","event":"run_closed","run":330}
{"t":"2026-10-04T02:06:22Z","event":"attempt","cell":"AA","lane":2,"run":332}
{"t":"2026-10-04T02:07:12Z","event":"runner_start","run":332,"arm_ready":"2026-10-04T02:07:12Z"}
{"t":"2026-10-04T03:26:34Z","event":"runner_exit","run":332,"exit":"0","waited_s":4740}
{"t":"2026-10-04T03:28:51Z","event":"run_closed","run":332}
{"t":"2026-10-04T03:28:51Z","event":"attempt","cell":"AA","lane":2,"run":336}
{"t":"2026-10-04T03:29:44Z","event":"runner_start","run":336,"arm_ready":"2026-10-04T03:29:44Z"}
{"t":"2026-10-04T04:48:06Z","event":"runner_exit","run":336,"exit":"0","waited_s":4680}
{"t":"2026-10-04T04:50:22Z","event":"run_closed","run":336}
{"t":"2026-10-04T04:50:22Z","event":"attempt","cell":"AA","lane":2,"run":340}
{"t":"2026-10-04T04:51:22Z","event":"runner_start","run":340,"arm_ready":"2026-10-04T04:51:22Z"}
{"t":"2026-10-04T06:10:44Z","event":"runner_exit","run":340,"exit":"0","waited_s":4740}
{"t":"2026-10-04T06:13:01Z","event":"run_closed","run":340}
{"t":"2026-10-04T06:13:01Z","event":"attempt","cell":"AA","lane":2,"run":344}
{"t":"2026-10-04T06:13:49Z","event":"runner_start","run":344,"arm_ready":"2026-10-04T06:13:49Z"}
{"t":"2026-10-04T07:32:12Z","event":"runner_exit","run":344,"exit":"0","waited_s":4680}
{"t":"2026-10-04T07:34:29Z","event":"run_closed","run":344}
{"t":"2026-10-04T07:34:29Z","event":"attempt","cell":"AA","lane":2,"run":348}
{"t":"2026-10-04T07:35:22Z","event":"runner_start","run":348,"arm_ready":"2026-10-04T07:35:22Z"}
{"t":"2026-10-04T08:54:44Z","event":"runner_exit","run":348,"exit":"0","waited_s":4740}
{"t":"2026-10-04T08:57:02Z","event":"run_closed","run":348}
{"t":"2026-10-04T08:57:02Z","event":"attempt","cell":"AA","lane":2,"run":352}
{"t":"2026-10-04T08:57:38Z","event":"runner_start","run":352,"arm_ready":"2026-10-04T08:57:38Z"}
{"t":"2026-10-04T10:16:00Z","event":"runner_exit","run":352,"exit":"0","waited_s":4680}
{"t":"2026-10-04T10:18:17Z","event":"run_closed","run":352}
{"t":"2026-10-04T10:18:17Z","event":"attempt","cell":"AA","lane":2,"run":356}
{"t":"2026-10-04T10:19:00Z","event":"runner_start","run":356,"arm_ready":"2026-10-04T10:19:00Z"}
{"t":"2026-10-04T11:38:22Z","event":"runner_exit","run":356,"exit":"0","waited_s":4740}
{"t":"2026-10-04T11:40:39Z","event":"run_closed","run":356}
{"t":"2026-10-04T11:40:39Z","event":"attempt","cell":"AA","lane":2,"run":360}
{"t":"2026-10-04T11:41:29Z","event":"runner_start","run":360,"arm_ready":"2026-10-04T11:41:29Z"}
{"t":"2026-10-04T13:00:51Z","event":"runner_exit","run":360,"exit":"0","waited_s":4740}
{"t":"2026-10-04T13:03:09Z","event":"run_closed","run":360}
{"t":"2026-10-04T13:03:09Z","event":"attempt","cell":"AA","lane":2,"run":364}
{"t":"2026-10-04T13:03:57Z","event":"runner_start","run":364,"arm_ready":"2026-10-04T13:03:57Z"}
{"t":"2026-10-04T14:22:20Z","event":"runner_exit","run":364,"exit":"0","waited_s":4680}
{"t":"2026-10-04T14:24:37Z","event":"run_closed","run":364}
{"t":"2026-10-04T14:24:37Z","event":"attempt","cell":"AA","lane":2,"run":368}
{"t":"2026-10-04T14:25:26Z","event":"runner_start","run":368,"arm_ready":"2026-10-04T14:25:26Z"}
{"t":"2026-10-04T15:44:49Z","event":"runner_exit","run":368,"exit":"0","waited_s":4740}
{"t":"2026-10-04T15:47:07Z","event":"run_closed","run":368}
{"t":"2026-10-04T15:47:07Z","event":"attempt","cell":"AA","lane":2,"run":372}
{"t":"2026-10-04T15:49:24Z","event":"runner_start","run":372,"arm_ready":"2026-10-04T15:49:24Z"}
{"t":"2026-10-04T17:08:46Z","event":"runner_exit","run":372,"exit":"0","waited_s":4740}
{"t":"2026-10-04T17:11:03Z","event":"run_closed","run":372}
{"t":"2026-10-04T17:11:03Z","event":"attempt","cell":"AA","lane":2,"run":377}
{"t":"2026-10-04T17:13:35Z","event":"runner_start","run":377,"arm_ready":"2026-10-04T17:13:35Z"}
{"t":"2026-10-04T18:32:57Z","event":"runner_exit","run":377,"exit":"0","waited_s":4740}
{"t":"2026-10-04T18:35:15Z","event":"run_closed","run":377}
{"t":"2026-10-04T18:35:15Z","event":"attempt","cell":"AA","lane":2,"run":382}
{"t":"2026-10-04T18:36:04Z","event":"runner_start","run":382,"arm_ready":"2026-10-04T18:36:04Z"}
{"t":"2026-10-04T19:55:26Z","event":"runner_exit","run":382,"exit":"0","waited_s":4740}
{"t":"2026-10-04T19:57:44Z","event":"run_closed","run":382}
{"t":"2026-10-04T19:57:44Z","event":"attempt","cell":"AA","lane":2,"run":387}
{"t":"2026-10-04T19:58:33Z","event":"runner_start","run":387,"arm_ready":"2026-10-04T19:58:33Z"}
{"t":"2026-10-04T21:17:55Z","event":"runner_exit","run":387,"exit":"0","waited_s":4740}
{"t":"2026-10-04T21:20:13Z","event":"run_closed","run":387}
{"t":"2026-10-04T21:20:13Z","event":"attempt","cell":"AA","lane":2,"run":391}
{"t":"2026-10-04T21:21:03Z","event":"runner_start","run":391,"arm_ready":"2026-10-04T21:21:03Z"}
{"t":"2026-10-04T22:40:25Z","event":"runner_exit","run":391,"exit":"0","waited_s":4740}
{"t":"2026-10-04T22:42:41Z","event":"run_closed","run":391}
{"t":"2026-10-04T22:42:41Z","event":"attempt","cell":"AA","lane":2,"run":395}
{"t":"2026-10-04T22:43:30Z","event":"runner_start","run":395,"arm_ready":"2026-10-04T22:43:30Z"}
{"t":"2026-10-05T00:02:52Z","event":"runner_exit","run":395,"exit":"0","waited_s":4740}
{"t":"2026-10-05T00:05:09Z","event":"run_closed","run":395}
{"t":"2026-10-05T00:05:09Z","event":"attempt","cell":"AA","lane":2,"run":399}
{"t":"2026-10-05T00:05:58Z","event":"runner_start","run":399,"arm_ready":"2026-10-05T00:05:58Z"}
{"t":"2026-10-05T01:24:20Z","event":"runner_exit","run":399,"exit":"0","waited_s":4680}
{"t":"2026-10-05T01:26:38Z","event":"run_closed","run":399}
{"t":"2026-10-05T01:26:38Z","event":"attempt","cell":"AA","lane":2,"run":402}
{"t":"2026-10-05T01:27:27Z","event":"runner_start","run":402,"arm_ready":"2026-10-05T01:27:27Z"}
{"t":"2026-10-05T02:46:49Z","event":"runner_exit","run":402,"exit":"0","waited_s":4740}
{"t":"2026-10-05T02:49:05Z","event":"run_closed","run":402}
{"t":"2026-10-05T02:49:05Z","event":"attempt","cell":"AA","lane":2,"run":407}
{"t":"2026-10-05T02:49:55Z","event":"runner_start","run":407,"arm_ready":"2026-10-05T02:49:55Z"}
{"t":"2026-10-05T04:08:17Z","event":"runner_exit","run":407,"exit":"0","waited_s":4680}
{"t":"2026-10-05T04:10:34Z","event":"run_closed","run":407}
{"t":"2026-10-05T04:10:34Z","event":"attempt","cell":"AA","lane":2,"run":409}
{"t":"2026-10-05T04:11:21Z","event":"runner_start","run":409,"arm_ready":"2026-10-05T04:11:21Z"}
{"t":"2026-10-05T05:30:43Z","event":"runner_exit","run":409,"exit":"0","waited_s":4740}
{"t":"2026-10-05T05:33:00Z","event":"run_closed","run":409}
{"t":"2026-10-05T05:33:00Z","event":"attempt","cell":"AA","lane":2,"run":413}
{"t":"2026-10-05T05:33:49Z","event":"runner_start","run":413,"arm_ready":"2026-10-05T05:33:49Z"}
{"t":"2026-10-05T06:52:12Z","event":"runner_exit","run":413,"exit":"0","waited_s":4680}
{"t":"2026-10-05T06:54:30Z","event":"run_closed","run":413}
{"t":"2026-10-05T06:54:30Z","event":"attempt","cell":"AA","lane":2,"run":417}
{"t":"2026-10-05T06:55:21Z","event":"runner_start","run":417,"arm_ready":"2026-10-05T06:55:21Z"}
{"t":"2026-10-05T08:14:43Z","event":"runner_exit","run":417,"exit":"0","waited_s":4740}
{"t":"2026-10-05T08:17:02Z","event":"run_closed","run":417}
{"t":"2026-10-05T08:17:02Z","event":"attempt","cell":"AA","lane":2,"run":421}
{"t":"2026-10-05T08:17:52Z","event":"runner_start","run":421,"arm_ready":"2026-10-05T08:17:52Z"}
{"t":"2026-10-05T09:36:14Z","event":"runner_exit","run":421,"exit":"0","waited_s":4680}
{"t":"2026-10-05T09:38:31Z","event":"run_closed","run":421}
{"t":"2026-10-05T09:38:31Z","event":"attempt","cell":"AA","lane":2,"run":425}
{"t":"2026-10-05T09:39:18Z","event":"runner_start","run":425,"arm_ready":"2026-10-05T09:39:18Z"}
{"t":"2026-10-05T10:58:41Z","event":"runner_exit","run":425,"exit":"0","waited_s":4740}
{"t":"2026-10-05T11:00:58Z","event":"run_closed","run":425}
{"t":"2026-10-05T11:00:58Z","event":"attempt","cell":"AA","lane":2,"run":429}
{"t":"2026-10-05T11:01:59Z","event":"runner_start","run":429,"arm_ready":"2026-10-05T11:01:59Z"}
{"t":"2026-10-05T12:20:21Z","event":"runner_exit","run":429,"exit":"0","waited_s":4680}
{"t":"2026-10-05T12:22:38Z","event":"run_closed","run":429}
{"t":"2026-10-05T12:22:38Z","event":"attempt","cell":"AA","lane":2,"run":433}
{"t":"2026-10-05T12:23:26Z","event":"runner_start","run":433,"arm_ready":"2026-10-05T12:23:26Z"}
{"t":"2026-10-05T13:42:48Z","event":"runner_exit","run":433,"exit":"0","waited_s":4740}
{"t":"2026-10-05T13:45:05Z","event":"run_closed","run":433}
{"t":"2026-10-05T13:45:05Z","event":"attempt","cell":"AA","lane":2,"run":437}
{"t":"2026-10-05T13:45:53Z","event":"runner_start","run":437,"arm_ready":"2026-10-05T13:45:53Z"}
{"t":"2026-10-05T15:04:15Z","event":"runner_exit","run":437,"exit":"0","waited_s":4680}
{"t":"2026-10-05T15:06:33Z","event":"run_closed","run":437}
{"t":"2026-10-05T15:06:33Z","event":"attempt","cell":"AA","lane":2,"run":441}
{"t":"2026-10-05T15:07:21Z","event":"runner_start","run":441,"arm_ready":"2026-10-05T15:07:21Z"}
{"t":"2026-10-05T16:26:43Z","event":"runner_exit","run":441,"exit":"0","waited_s":4740}
{"t":"2026-10-05T16:29:00Z","event":"run_closed","run":441}
{"t":"2026-10-05T16:29:00Z","event":"attempt","cell":"AA","lane":2,"run":445}
{"t":"2026-10-05T16:29:48Z","event":"runner_start","run":445,"arm_ready":"2026-10-05T16:29:48Z"}
{"t":"2026-10-05T17:48:11Z","event":"runner_exit","run":445,"exit":"0","waited_s":4680}
{"t":"2026-10-05T17:50:28Z","event":"run_closed","run":445}
{"t":"2026-10-05T17:50:28Z","event":"attempt","cell":"AA","lane":2,"run":449}
{"t":"2026-10-05T17:51:42Z","event":"runner_start","run":449,"arm_ready":"2026-10-05T17:51:42Z"}
{"t":"2026-10-05T19:10:05Z","event":"runner_exit","run":449,"exit":"0","waited_s":4680}
{"t":"2026-10-05T19:12:23Z","event":"run_closed","run":449}
{"t":"2026-10-05T19:12:23Z","event":"attempt","cell":"AA","lane":2,"run":453}
{"t":"2026-10-05T19:13:12Z","event":"runner_start","run":453,"arm_ready":"2026-10-05T19:13:12Z"}
{"t":"2026-10-05T20:32:34Z","event":"runner_exit","run":453,"exit":"0","waited_s":4740}
{"t":"2026-10-05T20:34:53Z","event":"run_closed","run":453}
{"t":"2026-10-05T20:34:53Z","event":"attempt","cell":"AA","lane":2,"run":457}
{"t":"2026-10-05T20:35:44Z","event":"runner_start","run":457,"arm_ready":"2026-10-05T20:35:44Z"}
{"t":"2026-10-05T21:54:07Z","event":"runner_exit","run":457,"exit":"0","waited_s":4680}
{"t":"2026-10-05T21:56:27Z","event":"run_closed","run":457}
{"t":"2026-10-05T21:56:27Z","event":"attempt","cell":"AA","lane":2,"run":461}
{"t":"2026-10-05T21:57:15Z","event":"runner_start","run":461,"arm_ready":"2026-10-05T21:57:15Z"}
{"t":"2026-10-05T23:16:37Z","event":"runner_exit","run":461,"exit":"0","waited_s":4740}
{"t":"2026-10-05T23:18:56Z","event":"run_closed","run":461}
{"t":"2026-10-05T23:18:56Z","event":"lane_done","lane":2,"runs":50}
