{"t":"2026-10-03T02:48:14Z","event":"attempt","cell":"AA","lane":1,"run":265}
{"t":"2026-10-03T02:49:18Z","event":"runner_start","run":265,"arm_ready":"2026-10-03T02:49:18Z"}
{"t":"2026-10-03T04:08:40Z","event":"runner_exit","run":265,"exit":"0","waited_s":4740}
{"t":"2026-10-03T04:10:58Z","event":"run_closed","run":265}
{"t":"2026-10-03T04:10:58Z","event":"attempt","cell":"AA","lane":1,"run":270}
{"t":"2026-10-03T04:11:39Z","event":"runner_start","run":270,"arm_ready":"2026-10-03T04:11:39Z"}
{"t":"2026-10-03T05:30:00Z","event":"runner_exit","run":270,"exit":"0","waited_s":4680}
{"t":"2026-10-03T05:32:19Z","event":"run_closed","run":270}
{"t":"2026-10-03T05:32:19Z","event":"attempt","cell":"AA","lane":1,"run":273}
{"t":"2026-10-03T05:33:08Z","event":"runner_start","run":273,"arm_ready":"2026-10-03T05:33:08Z"}
{"t":"2026-10-03T06:52:30Z","event":"runner_exit","run":273,"exit":"0","waited_s":4740}
{"t":"2026-10-03T06:54:47Z","event":"run_closed","run":273}
{"t":"2026-10-03T06:54:47Z","event":"attempt","cell":"AA","lane":1,"run":278}
{"t":"2026-10-03T06:55:26Z","event":"runner_start","run":278,"arm_ready":"2026-10-03T06:55:26Z"}
{"t":"2026-10-03T08:14:47Z","event":"runner_exit","run":278,"exit":"0","waited_s":4740}
{"t":"2026-10-03T08:17:11Z","event":"run_closed","run":278}
{"t":"2026-10-03T08:17:11Z","event":"attempt","cell":"AA","lane":1,"run":282}
{"t":"2026-10-03T08:18:08Z","event":"runner_start","run":282,"arm_ready":"2026-10-03T08:18:08Z"}
{"t":"2026-10-03T09:37:30Z","event":"runner_exit","run":282,"exit":"0","waited_s":4740}
{"t":"2026-10-03T09:39:53Z","event":"run_closed","run":282}
{"t":"2026-10-03T09:39:53Z","event":"attempt","cell":"AA","lane":1,"run":287}
{"t":"2026-10-03T09:40:39Z","event":"runner_start","run":287,"arm_ready":"2026-10-03T09:40:39Z"}
{"t":"2026-10-03T10:59:03Z","event":"runner_exit","run":287,"exit":"0","waited_s":4680}
{"t":"2026-10-03T11:01:27Z","event":"run_closed","run":287}
{"t":"2026-10-03T11:01:27Z","event":"attempt","cell":"AA","lane":1,"run":288}
{"t":"2026-10-03T11:02:14Z","event":"runner_start","run":288,"arm_ready":"2026-10-03T11:02:13Z"}
{"t":"2026-10-03T12:21:35Z","event":"runner_exit","run":288,"exit":"0","waited_s":4740}
{"t":"2026-10-03T12:23:53Z","event":"run_closed","run":288}
{"t":"2026-10-03T12:23:53Z","event":"attempt","cell":"AA","lane":1,"run":292}
{"t":"2026-10-03T12:24:37Z","event":"runner_start","run":292,"arm_ready":"2026-10-03T12:24:37Z"}
{"t":"2026-10-03T13:43:59Z","event":"runner_exit","run":292,"exit":"0","waited_s":4740}
{"t":"2026-10-03T13:46:16Z","event":"run_closed","run":292}
{"t":"2026-10-03T13:46:16Z","event":"attempt","cell":"AA","lane":1,"run":296}
{"t":"2026-10-03T13:47:09Z","event":"runner_start","run":296,"arm_ready":"2026-10-03T13:47:09Z"}
{"t":"2026-10-03T15:06:31Z","event":"runner_exit","run":296,"exit":"0","waited_s":4740}
{"t":"2026-10-03T15:08:47Z","event":"run_closed","run":296}
{"t":"2026-10-03T15:08:47Z","event":"attempt","cell":"AA","lane":1,"run":301}
{"t":"2026-10-03T15:09:35Z","event":"runner_start","run":301,"arm_ready":"2026-10-03T15:09:35Z"}
{"t":"2026-10-03T16:28:57Z","event":"runner_exit","run":301,"exit":"0","waited_s":4740}
{"t":"2026-10-03T16:31:14Z","event":"run_closed","run":301}
{"t":"2026-10-03T16:31:14Z","event":"attempt","cell":"AA","lane":1,"run":305}
{"t":"2026-10-03T16:32:03Z","event":"runner_start","run":305,"arm_ready":"2026-10-03T16:32:03Z"}
{"t":"2026-10-03T17:51:25Z","event":"runner_exit","run":305,"exit":"0","waited_s":4740}
{"t":"2026-10-03T17:53:42Z","event":"run_closed","run":305}
{"t":"2026-10-03T17:53:42Z","event":"attempt","cell":"AA","lane":1,"run":309}
{"t":"2026-10-03T17:54:42Z","event":"runner_start","run":309,"arm_ready":"2026-10-03T17:54:42Z"}
{"t":"2026-10-03T19:13:04Z","event":"runner_exit","run":309,"exit":"0","waited_s":4680}
{"t":"2026-10-03T19:15:21Z","event":"run_closed","run":309}
{"t":"2026-10-03T19:15:21Z","event":"attempt","cell":"AA","lane":1,"run":313}
{"t":"2026-10-03T19:15:57Z","event":"runner_start","run":313,"arm_ready":"2026-10-03T19:15:57Z"}
{"t":"2026-10-03T20:34:20Z","event":"runner_exit","run":313,"exit":"0","waited_s":4680}
{"t":"2026-10-03T20:36:38Z","event":"run_closed","run":313}
{"t":"2026-10-03T20:36:38Z","event":"attempt","cell":"AA","lane":1,"run":316}
{"t":"2026-10-03T20:37:33Z","event":"runner_start","run":316,"arm_ready":"2026-10-03T20:37:33Z"}
{"t":"2026-10-03T21:56:55Z","event":"runner_exit","run":316,"exit":"0","waited_s":4740}
{"t":"2026-10-03T21:59:12Z","event":"run_closed","run":316}
{"t":"2026-10-03T21:59:12Z","event":"attempt","cell":"AA","lane":1,"run":320}
{"t":"2026-10-03T22:00:01Z","event":"runner_start","run":320,"arm_ready":"2026-10-03T22:00:01Z"}
{"t":"2026-10-03T23:19:24Z","event":"runner_exit","run":320,"exit":"0","waited_s":4740}
{"t":"2026-10-03T23:21:40Z","event":"run_closed","run":320}
{"t":"2026-10-03T23:21:40Z","event":"attempt","cell":"AA","lane":1,"run":325}
{"t":"2026-10-03T23:22:30Z","event":"runner_start","run":325,"arm_ready":"2026-10-03T23:22:30Z"}
{"t":"2026-10-04T00:41:52Z","event":"runner_exit","run":325,"exit":"0","waited_s":4740}
{"t":"2026-10-04T00:44:10Z","event":"run_closed","run":325}
{"t":"2026-10-04T00:44:10Z","event":"attempt","cell":"AA","lane":1,"run":329}
{"t":"2026-10-04T00:46:14Z","event":"runner_start","run":329,"arm_ready":"2026-10-04T00:46:14Z"}
{"t":"2026-10-04T02:05:36Z","event":"runner_exit","run":329,"exit":"0","waited_s":4740}
{"t":"2026-10-04T02:07:55Z","event":"run_closed","run":329}
{"t":"2026-10-04T02:07:55Z","event":"attempt","cell":"AA","lane":1,"run":335}
{"t":"2026-10-04T02:08:43Z","event":"runner_start","run":335,"arm_ready":"2026-10-04T02:08:43Z"}
{"t":"2026-10-04T03:27:06Z","event":"runner_exit","run":335,"exit":"0","waited_s":4680}
{"t":"2026-10-04T03:29:34Z","event":"run_closed","run":335}
{"t":"2026-10-04T03:29:34Z","event":"attempt","cell":"AA","lane":1,"run":338}
{"t":"2026-10-04T03:30:33Z","event":"runner_start","run":338,"arm_ready":"2026-10-04T03:30:33Z"}
{"t":"2026-10-04T04:49:55Z","event":"runner_exit","run":338,"exit":"0","waited_s":4740}
{"t":"2026-10-04T04:52:14Z","event":"run_closed","run":338}
{"t":"2026-10-04T04:52:14Z","event":"attempt","cell":"AA","lane":1,"run":343}
{"t":"2026-10-04T04:53:05Z","event":"runner_start","run":343,"arm_ready":"2026-10-04T04:53:05Z"}
{"t":"2026-10-04T06:12:27Z","event":"runner_exit","run":343,"exit":"0","waited_s":4740}
{"t":"2026-10-04T06:14:43Z","event":"run_closed","run":343}
{"t":"2026-10-04T06:14:43Z","event":"attempt","cell":"AA","lane":1,"run":347}
{"t":"2026-10-04T06:15:32Z","event":"runner_start","run":347,"arm_ready":"2026-10-04T06:15:32Z"}
{"t":"2026-10-04T07:34:54Z","event":"runner_exit","run":347,"exit":"0","waited_s":4740}
{"t":"2026-10-04T07:37:13Z","event":"run_closed","run":347}
{"t":"2026-10-04T07:37:13Z","event":"attempt","cell":"AA","lane":1,"run":351}
{"t":"2026-10-04T07:37:48Z","event":"runner_start","run":351,"arm_ready":"2026-10-04T07:37:48Z"}
{"t":"2026-10-04T08:56:11Z","event":"runner_exit","run":351,"exit":"0","waited_s":4680}
{"t":"2026-10-04T08:58:27Z","event":"run_closed","run":351}
{"t":"2026-10-04T08:58:27Z","event":"attempt","cell":"AA","lane":1,"run":354}
{"t":"2026-10-04T08:59:03Z","event":"runner_start","run":354,"arm_ready":"2026-10-04T08:59:03Z"}
{"t":"2026-10-04T10:18:25Z","event":"runner_exit","run":354,"exit":"0","waited_s":4740}
{"t":"2026-10-04T10:20:50Z","event":"run_closed","run":354}
{"t":"2026-10-04T10:20:50Z","event":"attempt","cell":"AA","lane":1,"run":359}
{"t":"2026-10-04T10:21:40Z","event":"runner_start","run":359,"arm_ready":"2026-10-04T10:21:40Z"}
{"t":"2026-10-04T11:40:02Z","event":"runner_exit","run":359,"exit":"0","waited_s":4680}
{"t":"2026-10-04T11:42:19Z","event":"run_closed","run":359}
{"t":"2026-10-04T11:42:19Z","event":"attempt","cell":"AA","lane":1,"run":362}
{"t":"2026-10-04T11:43:08Z","event":"runner_start","run":362,"arm_ready":"2026-10-04T11:43:08Z"}
{"t":"2026-10-04T13:02:29Z","event":"runner_exit","run":362,"exit":"0","waited_s":4740}
{"t":"2026-10-04T13:04:46Z","event":"run_closed","run":362}
{"t":"2026-10-04T13:04:46Z","event":"attempt","cell":"AA","lane":1,"run":366}
{"t":"2026-10-04T13:05:35Z","event":"runner_start","run":366,"arm_ready":"2026-10-04T13:05:35Z"}
{"t":"2026-10-04T14:24:57Z","event":"runner_exit","run":366,"exit":"0","waited_s":4740}
{"t":"2026-10-04T14:27:16Z","event":"run_closed","run":366}
{"t":"2026-10-04T14:27:16Z","event":"attempt","cell":"AA","lane":1,"run":370}
{"t":"2026-10-04T14:28:04Z","event":"runner_start","run":370,"arm_ready":"2026-10-04T14:28:04Z"}
{"t":"2026-10-04T15:47:26Z","event":"runner_exit","run":370,"exit":"0","waited_s":4740}
{"t":"2026-10-04T15:49:44Z","event":"run_closed","run":370}
{"t":"2026-10-04T15:49:44Z","event":"attempt","cell":"AA","lane":1,"run":374}
{"t":"2026-10-04T15:50:31Z","event":"runner_start","run":374,"arm_ready":"2026-10-04T15:50:31Z"}
{"t":"2026-10-04T17:09:53Z","event":"runner_exit","run":374,"exit":"0","waited_s":4740}
{"t":"2026-10-04T17:12:12Z","event":"run_closed","run":374}
{"t":"2026-10-04T17:12:12Z","event":"attempt","cell":"AA","lane":1,"run":378}
{"t":"2026-10-04T17:13:00Z","event":"runner_start","run":378,"arm_ready":"2026-10-04T17:13:00Z"}
{"t":"2026-10-04T18:32:23Z","event":"runner_exit","run":378,"exit":"0","waited_s":4740}
{"t":"2026-10-04T18:34:40Z","event":"run_closed","run":378}
{"t":"2026-10-04T18:34:40Z","event":"attempt","cell":"AA","lane":1,"run":381}
{"t":"2026-10-04T18:35:29Z","event":"runner_start","run":381,"arm_ready":"2026-10-04T18:35:29Z"}
{"t":"2026-10-04T19:54:51Z","event":"runner_exit","run":381,"exit":"0","waited_s":4740}
{"t":"2026-10-04T19:57:09Z","event":"run_closed","run":381}
{"t":"2026-10-04T19:57:09Z","event":"attempt","cell":"AA","lane":1,"run":385}
{"t":"2026-10-04T19:58:00Z","event":"runner_start","run":385,"arm_ready":"2026-10-04T19:58:00Z"}
{"t":"2026-10-04T21:17:22Z","event":"runner_exit","run":385,"exit":"0","waited_s":4740}
{"t":"2026-10-04T21:19:40Z","event":"run_closed","run":385}
{"t":"2026-10-04T21:19:40Z","event":"attempt","cell":"AA","lane":1,"run":389}
{"t":"2026-10-04T21:20:31Z","event":"runner_start","run":389,"arm_ready":"2026-10-04T21:20:31Z"}
{"t":"2026-10-04T22:39:53Z","event":"runner_exit","run":389,"exit":"0","waited_s":4740}
{"t":"2026-10-04T22:42:11Z","event":"run_closed","run":389}
{"t":"2026-10-04T22:42:11Z","event":"attempt","cell":"AA","lane":1,"run":394}
{"t":"2026-10-04T22:43:12Z","event":"runner_start","run":394,"arm_ready":"2026-10-04T22:43:12Z"}
{"t":"2026-10-05T00:02:34Z","event":"runner_exit","run":394,"exit":"0","waited_s":4740}
{"t":"2026-10-05T00:04:50Z","event":"run_closed","run":394}
{"t":"2026-10-05T00:04:50Z","event":"attempt","cell":"AA","lane":1,"run":398}
{"t":"2026-10-05T00:05:27Z","event":"runner_start","run":398,"arm_ready":"2026-10-05T00:05:27Z"}
{"t":"2026-10-05T01:24:49Z","event":"runner_exit","run":398,"exit":"0","waited_s":4740}
{"t":"2026-10-05T01:27:07Z","event":"run_closed","run":398}
{"t":"2026-10-05T01:27:07Z","event":"attempt","cell":"AA","lane":1,"run":403}
{"t":"2026-10-05T01:27:56Z","event":"runner_start","run":403,"arm_ready":"2026-10-05T01:27:56Z"}
{"t":"2026-10-05T02:46:19Z","event":"runner_exit","run":403,"exit":"0","waited_s":4680}
{"t":"2026-10-05T02:48:37Z","event":"run_closed","run":403}
{"t":"2026-10-05T02:48:37Z","event":"attempt","cell":"AA","lane":1,"run":405}
{"t":"2026-10-05T02:50:05Z","event":"runner_start","run":405,"arm_ready":"2026-10-05T02:50:04Z"}
{"t":"2026-10-05T04:09:26Z","event":"runner_exit","run":405,"exit":"0","waited_s":4740}
{"t":"2026-10-05T04:11:48Z","event":"run_closed","run":405}
{"t":"2026-10-05T04:11:48Z","event":"attempt","cell":"AA","lane":1,"run":411}
{"t":"2026-10-05T04:12:39Z","event":"runner_start","run":411,"arm_ready":"2026-10-05T04:12:39Z"}
{"t":"2026-10-05T05:31:00Z","event":"runner_exit","run":411,"exit":"0","waited_s":4680}
{"t":"2026-10-05T05:33:18Z","event":"run_closed","run":411}
{"t":"2026-10-05T05:33:18Z","event":"attempt","cell":"AA","lane":1,"run":414}
{"t":"2026-10-05T05:34:06Z","event":"runner_start","run":414,"arm_ready":"2026-10-05T05:34:06Z"}
{"t":"2026-10-05T06:53:28Z","event":"runner_exit","run":414,"exit":"0","waited_s":4740}
{"t":"2026-10-05T06:55:44Z","event":"run_closed","run":414}
{"t":"2026-10-05T06:55:44Z","event":"attempt","cell":"AA","lane":1,"run":418}
{"t":"2026-10-05T06:56:32Z","event":"runner_start","run":418,"arm_ready":"2026-10-05T06:56:32Z"}
{"t":"2026-10-05T08:15:54Z","event":"runner_exit","run":418,"exit":"0","waited_s":4740}
{"t":"2026-10-05T08:18:11Z","event":"run_closed","run":418}
{"t":"2026-10-05T08:18:11Z","event":"attempt","cell":"AA","lane":1,"run":422}
{"t":"2026-10-05T08:18:59Z","event":"runner_start","run":422,"arm_ready":"2026-10-05T08:18:59Z"}
{"t":"2026-10-05T09:37:21Z","event":"runner_exit","run":422,"exit":"0","waited_s":4680}
{"t":"2026-10-05T09:39:37Z","event":"run_closed","run":422}
{"t":"2026-10-05T09:39:37Z","event":"attempt","cell":"AA","lane":1,"run":426}
{"t":"2026-10-05T09:40:25Z","event":"runner_start","run":426,"arm_ready":"2026-10-05T09:40:25Z"}
{"t":"2026-10-05T10:59:47Z","event":"runner_exit","run":426,"exit":"0","waited_s":4740}
{"t":"2026-10-05T11:02:04Z","event":"run_closed","run":426}
{"t":"2026-10-05T11:02:04Z","event":"attempt","cell":"AA","lane":1,"run":430}
{"t":"2026-10-05T11:02:52Z","event":"runner_start","run":430,"arm_ready":"2026-10-05T11:02:52Z"}
{"t":"2026-10-05T12:21:14Z","event":"runner_exit","run":430,"exit":"0","waited_s":4680}
{"t":"2026-10-05T12:23:31Z","event":"run_closed","run":430}
{"t":"2026-10-05T12:23:31Z","event":"attempt","cell":"AA","lane":1,"run":434}
{"t":"2026-10-05T12:24:19Z","event":"runner_start","run":434,"arm_ready":"2026-10-05T12:24:19Z"}
{"t":"2026-10-05T13:43:41Z","event":"runner_exit","run":434,"exit":"0","waited_s":4740}
{"t":"2026-10-05T13:45:57Z","event":"run_closed","run":434}
{"t":"2026-10-05T13:45:57Z","event":"attempt","cell":"AA","lane":1,"run":438}
{"t":"2026-10-05T13:46:45Z","event":"runner_start","run":438,"arm_ready":"2026-10-05T13:46:45Z"}
{"t":"2026-10-05T15:05:07Z","event":"runner_exit","run":438,"exit":"0","waited_s":4680}
{"t":"2026-10-05T15:07:25Z","event":"run_closed","run":438}
{"t":"2026-10-05T15:07:25Z","event":"attempt","cell":"AA","lane":1,"run":442}
{"t":"2026-10-05T15:08:13Z","event":"runner_start","run":442,"arm_ready":"2026-10-05T15:08:13Z"}
{"t":"2026-10-05T16:27:35Z","event":"runner_exit","run":442,"exit":"0","waited_s":4740}
{"t":"2026-10-05T16:29:52Z","event":"run_closed","run":442}
{"t":"2026-10-05T16:29:52Z","event":"attempt","cell":"AA","lane":1,"run":446}
{"t":"2026-10-05T16:30:43Z","event":"runner_start","run":446,"arm_ready":"2026-10-05T16:30:42Z"}
{"t":"2026-10-05T17:49:05Z","event":"runner_exit","run":446,"exit":"0","waited_s":4680}
{"t":"2026-10-05T17:51:22Z","event":"run_closed","run":446}
{"t":"2026-10-05T17:51:22Z","event":"attempt","cell":"AA","lane":1,"run":450}
{"t":"2026-10-05T17:52:11Z","event":"runner_start","run":450,"arm_ready":"2026-10-05T17:52:11Z"}
{"t":"2026-10-05T19:11:33Z","event":"runner_exit","run":450,"exit":"0","waited_s":4740}
{"t":"2026-10-05T19:13:50Z","event":"run_closed","run":450}
{"t":"2026-10-05T19:13:50Z","event":"attempt","cell":"AA","lane":1,"run":454}
{"t":"2026-10-05T19:14:39Z","event":"runner_start","run":454,"arm_ready":"2026-10-05T19:14:39Z"}
{"t":"2026-10-05T20:33:01Z","event":"runner_exit","run":454,"exit":"0","waited_s":4680}
{"t":"2026-10-05T20:35:19Z","event":"run_closed","run":454}
{"t":"2026-10-05T20:35:19Z","event":"attempt","cell":"AA","lane":1,"run":458}
{"t":"2026-10-05T20:36:07Z","event":"runner_start","run":458,"arm_ready":"2026-10-05T20:36:07Z"}
{"t":"2026-10-05T21:55:31Z","event":"runner_exit","run":458,"exit":"0","waited_s":4740}
{"t":"2026-10-05T21:57:48Z","event":"run_closed","run":458}
{"t":"2026-10-05T21:57:48Z","event":"attempt","cell":"AA","lane":1,"run":462}
{"t":"2026-10-05T21:58:49Z","event":"runner_start","run":462,"arm_ready":"2026-10-05T21:58:49Z"}
{"t":"2026-10-05T23:17:11Z","event":"runner_exit","run":462,"exit":"0","waited_s":4680}
{"t":"2026-10-05T23:19:28Z","event":"run_closed","run":462}
{"t":"2026-10-05T23:19:28Z","event":"lane_done","lane":1,"runs":50}
