{"t":"2026-09-29T23:05:55Z","event":"attempt","cell":"AB-5xx","lane":1,"run":64}
{"t":"2026-09-29T23:06:46Z","event":"runner_start","run":64,"arm_ready":"2026-09-29T23:06:46Z"}
{"t":"2026-09-29T23:51:00Z","event":"runner_exit","run":64,"exit":"0","waited_s":2640}
{"t":"2026-09-29T23:53:17Z","event":"run_closed","run":64}
{"t":"2026-09-29T23:53:17Z","event":"attempt","cell":"AB-5xx","lane":1,"run":67}
{"t":"2026-09-29T23:54:09Z","event":"runner_start","run":67,"arm_ready":"2026-09-29T23:54:09Z"}
{"t":"2026-09-30T00:38:22Z","event":"runner_exit","run":67,"exit":"0","waited_s":2640}
{"t":"2026-09-30T00:40:39Z","event":"run_closed","run":67}
{"t":"2026-09-30T00:40:39Z","event":"attempt","cell":"AB-5xx","lane":1,"run":72}
{"t":"2026-09-30T00:41:28Z","event":"runner_start","run":72,"arm_ready":"2026-09-30T00:41:28Z"}
{"t":"2026-09-30T01:25:41Z","event":"runner_exit","run":72,"exit":"0","waited_s":2640}
{"t":"2026-09-30T01:27:59Z","event":"run_closed","run":72}
{"t":"2026-09-30T01:27:59Z","event":"attempt","cell":"AB-5xx","lane":1,"run":77}
{"t":"2026-09-30T01:28:48Z","event":"runner_start","run":77,"arm_ready":"2026-09-30T01:28:48Z"}
{"t":"2026-09-30T02:13:02Z","event":"runner_exit","run":77,"exit":"0","waited_s":2640}
{"t":"2026-09-30T02:15:19Z","event":"run_closed","run":77}
{"t":"2026-09-30T02:15:19Z","event":"attempt","cell":"AB-5xx","lane":1,"run":81}
{"t":"2026-09-30T02:16:08Z","event":"runner_start","run":81,"arm_ready":"2026-09-30T02:16:08Z"}
{"t":"2026-09-30T03:00:22Z","event":"runner_exit","run":81,"exit":"0","waited_s":2640}
{"t":"2026-09-30T03:02:38Z","event":"run_closed","run":81}
{"t":"2026-09-30T03:02:38Z","event":"lane_done","lane":1,"runs":5}
