{"t":"2026-09-29T23:07:25Z","event":"attempt","cell":"AB-5xx","lane":3,"run":66}
{"t":"2026-09-29T23:08:27Z","event":"runner_start","run":66,"arm_ready":"2026-09-29T23:08:27Z"}
{"t":"2026-09-29T23:53:40Z","event":"runner_exit","run":66,"exit":"0","waited_s":2700}
{"t":"2026-09-29T23:55:59Z","event":"run_closed","run":66}
{"t":"2026-09-29T23:55:59Z","event":"attempt","cell":"AB-5xx","lane":3,"run":70}
{"t":"2026-09-29T23:57:00Z","event":"runner_start","run":70,"arm_ready":"2026-09-29T23:57:00Z"}
{"t":"2026-09-30T00:42:14Z","event":"runner_exit","run":70,"exit":"0","waited_s":2700}
{"t":"2026-09-30T00:44:31Z","event":"run_closed","run":70}
{"t":"2026-09-30T00:44:31Z","event":"attempt","cell":"AB-5xx","lane":3,"run":74}
{"t":"2026-09-30T00:45:31Z","event":"runner_start","run":74,"arm_ready":"2026-09-30T00:45:31Z"}
{"t":"2026-09-30T01:15:40Z","event":"runner_exit","run":74,"exit":"0","waited_s":1800}
{"t":"2026-09-30T01:17:58Z","event":"run_closed","run":74}
{"t":"2026-09-30T01:17:58Z","event":"attempt","cell":"AB-5xx","lane":3,"run":75}
{"t":"2026-09-30T01:18:49Z","event":"runner_start","run":75,"arm_ready":"2026-09-30T01:18:49Z"}
{"t":"2026-09-30T01:48:58Z","event":"runner_exit","run":75,"exit":"0","waited_s":1800}
{"t":"2026-09-30T01:51:16Z","event":"run_closed","run":75}
{"t":"2026-09-30T01:51:16Z","event":"attempt","cell":"AB-5xx","lane":3,"run":79}
{"t":"2026-09-30T01:52:04Z","event":"runner_start","run":79,"arm_ready":"2026-09-30T01:52:04Z"}
{"t":"2026-09-30T02:36:17Z","event":"runner_exit","run":79,"exit":"0","waited_s":2640}
{"t":"2026-09-30T02:38:34Z","event":"run_closed","run":79}
{"t":"2026-09-30T02:38:34Z","event":"lane_done","lane":3,"runs":5}
