{"t":"2026-09-29T23:06:40Z","event":"attempt","cell":"AB-5xx","lane":2,"run":65}
{"t":"2026-09-29T23:07:31Z","event":"runner_start","run":65,"arm_ready":"2026-09-29T23:07:31Z"}
{"t":"2026-09-29T23:52:44Z","event":"runner_exit","run":65,"exit":"0","waited_s":2700}
{"t":"2026-09-29T23:55:01Z","event":"run_closed","run":65}
{"t":"2026-09-29T23:55:01Z","event":"attempt","cell":"AB-5xx","lane":2,"run":69}
{"t":"2026-09-29T23:55:49Z","event":"runner_start","run":69,"arm_ready":"2026-09-29T23:55:49Z"}
{"t":"2026-09-30T00:39:03Z","event":"runner_exit","run":69,"exit":"0","waited_s":2580}
{"t":"2026-09-30T00:41:20Z","event":"run_closed","run":69}
{"t":"2026-09-30T00:41:20Z","event":"attempt","cell":"AB-5xx","lane":2,"run":73}
{"t":"2026-09-30T00:42:09Z","event":"runner_start","run":73,"arm_ready":"2026-09-30T00:42:09Z"}
{"t":"2026-09-30T01:26:22Z","event":"runner_exit","run":73,"exit":"0","waited_s":2640}
{"t":"2026-09-30T01:28:39Z","event":"run_closed","run":73}
{"t":"2026-09-30T01:28:39Z","event":"attempt","cell":"AB-5xx","lane":2,"run":78}
{"t":"2026-09-30T01:29:28Z","event":"runner_start","run":78,"arm_ready":"2026-09-30T01:29:28Z"}
{"t":"2026-09-30T02:13:41Z","event":"runner_exit","run":78,"exit":"0","waited_s":2640}
{"t":"2026-09-30T02:15:58Z","event":"run_closed","run":78}
{"t":"2026-09-30T02:15:58Z","event":"attempt","cell":"AB-5xx","lane":2,"run":82}
{"t":"2026-09-30T02:16:47Z","event":"runner_start","run":82,"arm_ready":"2026-09-30T02:16:47Z"}
{"t":"2026-09-30T03:01:00Z","event":"runner_exit","run":82,"exit":"0","waited_s":2640}
{"t":"2026-09-30T03:03:18Z","event":"run_closed","run":82}
{"t":"2026-09-30T03:03:18Z","event":"lane_done","lane":2,"runs":5}
