{"t":"2026-09-29T23:05:10Z","event":"attempt","cell":"AB-5xx","lane":0,"run":63}
{"t":"2026-09-29T23:05:59Z","event":"runner_start","run":63,"arm_ready":"2026-09-29T23:05:59Z"}
{"t":"2026-09-29T23:51:13Z","event":"runner_exit","run":63,"exit":"0","waited_s":2700}
{"t":"2026-09-29T23:53:31Z","event":"run_closed","run":63}
{"t":"2026-09-29T23:53:31Z","event":"attempt","cell":"AB-5xx","lane":0,"run":68}
{"t":"2026-09-29T23:54:22Z","event":"runner_start","run":68,"arm_ready":"2026-09-29T23:54:22Z"}
{"t":"2026-09-30T00:27:32Z","event":"runner_exit","run":68,"exit":"0","waited_s":1980}
{"t":"2026-09-30T00:29:49Z","event":"run_closed","run":68}
{"t":"2026-09-30T00:29:49Z","event":"attempt","cell":"AB-5xx","lane":0,"run":71}
{"t":"2026-09-30T00:30:37Z","event":"runner_start","run":71,"arm_ready":"2026-09-30T00:30:37Z"}
{"t":"2026-09-30T01:15:50Z","event":"runner_exit","run":71,"exit":"0","waited_s":2700}
{"t":"2026-09-30T01:18:11Z","event":"run_closed","run":71}
{"t":"2026-09-30T01:18:11Z","event":"attempt","cell":"AB-5xx","lane":0,"run":76}
{"t":"2026-09-30T01:18:47Z","event":"runner_start","run":76,"arm_ready":"2026-09-30T01:18:47Z"}
{"t":"2026-09-30T02:02:00Z","event":"runner_exit","run":76,"exit":"0","waited_s":2580}
{"t":"2026-09-30T02:04:17Z","event":"run_closed","run":76}
{"t":"2026-09-30T02:04:17Z","event":"attempt","cell":"AB-5xx","lane":0,"run":80}
{"t":"2026-09-30T02:05:05Z","event":"runner_start","run":80,"arm_ready":"2026-09-30T02:05:05Z"}
{"t":"2026-09-30T02:37:16Z","event":"runner_exit","run":80,"exit":"0","waited_s":1920}
{"t":"2026-09-30T02:39:33Z","event":"run_closed","run":80}
{"t":"2026-09-30T02:39:33Z","event":"lane_done","lane":0,"runs":5}
