{"t":"2026-10-02T13:40:39Z","event":"attempt","cell":"AB-reset","lane":0,"run":223}
{"t":"2026-10-02T13:42:05Z","event":"runner_start","run":223,"arm_ready":"2026-10-02T13:42:05Z"}
{"t":"2026-10-02T15:01:27Z","event":"runner_exit","run":223,"exit":"0","waited_s":4740}
{"t":"2026-10-02T15:03:47Z","event":"run_closed","run":223}
{"t":"2026-10-02T15:03:47Z","event":"attempt","cell":"AB-reset","lane":0,"run":228}
{"t":"2026-10-02T15:04:38Z","event":"runner_start","run":228,"arm_ready":"2026-10-02T15:04:38Z"}
{"t":"2026-10-02T16:24:00Z","event":"runner_exit","run":228,"exit":"0","waited_s":4740}
{"t":"2026-10-02T16:26:18Z","event":"run_closed","run":228}
{"t":"2026-10-02T16:26:18Z","event":"attempt","cell":"AB-reset","lane":0,"run":232}
{"t":"2026-10-02T16:27:13Z","event":"runner_start","run":232,"arm_ready":"2026-10-02T16:27:13Z"}
{"t":"2026-10-02T17:46:35Z","event":"runner_exit","run":232,"exit":"0","waited_s":4740}
{"t":"2026-10-02T17:48:59Z","event":"run_closed","run":232}
{"t":"2026-10-02T17:48:59Z","event":"attempt","cell":"AB-reset","lane":0,"run":237}
{"t":"2026-10-02T17:49:54Z","event":"runner_start","run":237,"arm_ready":"2026-10-02T17:49:54Z"}
{"t":"2026-10-02T19:08:19Z","event":"runner_exit","run":237,"exit":"0","waited_s":4680}
{"t":"2026-10-02T19:10:47Z","event":"run_closed","run":237}
{"t":"2026-10-02T19:10:47Z","event":"attempt","cell":"AB-reset","lane":0,"run":240}
{"t":"2026-10-02T19:11:34Z","event":"runner_start","run":240,"arm_ready":"2026-10-02T19:11:34Z"}
{"t":"2026-10-02T20:30:57Z","event":"runner_exit","run":240,"exit":"0","waited_s":4740}
{"t":"2026-10-02T20:33:22Z","event":"run_closed","run":240}
{"t":"2026-10-02T20:33:22Z","event":"lane_done","lane":0,"runs":5}
