{"t":"2026-10-02T01:34:21Z","event":"attempt","cell":"AB-lat30","lane":1,"run":184}
{"t":"2026-10-02T01:35:11Z","event":"runner_start","run":184,"arm_ready":"2026-10-02T01:35:11Z"}
{"t":"2026-10-02T02:05:21Z","event":"runner_exit","run":184,"exit":"0","waited_s":1800}
{"t":"2026-10-02T02:07:39Z","event":"run_closed","run":184}
{"t":"2026-10-02T02:07:39Z","event":"attempt","cell":"AB-lat30","lane":1,"run":189}
{"t":"2026-10-02T02:08:30Z","event":"runner_start","run":189,"arm_ready":"2026-10-02T02:08:30Z"}
{"t":"2026-10-02T02:38:39Z","event":"runner_exit","run":189,"exit":"0","waited_s":1800}
{"t":"2026-10-02T02:40:57Z","event":"run_closed","run":189}
{"t":"2026-10-02T02:40:57Z","event":"attempt","cell":"AB-lat30","lane":1,"run":193}
{"t":"2026-10-02T02:43:14Z","event":"runner_start","run":193,"arm_ready":"2026-10-02T02:43:14Z"}
{"t":"2026-10-02T03:13:24Z","event":"runner_exit","run":193,"exit":"0","waited_s":1800}
{"t":"2026-10-02T03:15:54Z","event":"run_closed","run":193}
{"t":"2026-10-02T03:15:54Z","event":"attempt","cell":"AB-lat30","lane":1,"run":198}
{"t":"2026-10-02T03:16:44Z","event":"runner_start","run":198,"arm_ready":"2026-10-02T03:16:44Z"}
{"t":"2026-10-02T03:46:54Z","event":"runner_exit","run":198,"exit":"0","waited_s":1800}
{"t":"2026-10-02T03:49:23Z","event":"run_closed","run":198}
{"t":"2026-10-02T03:49:23Z","event":"attempt","cell":"AB-lat30","lane":1,"run":202}
{"t":"2026-10-02T03:50:14Z","event":"runner_start","run":202,"arm_ready":"2026-10-02T03:50:14Z"}
{"t":"2026-10-02T04:20:23Z","event":"runner_exit","run":202,"exit":"0","waited_s":1800}
{"t":"2026-10-02T04:22:44Z","event":"run_closed","run":202}
{"t":"2026-10-02T04:22:44Z","event":"lane_done","lane":1,"runs":5}
