{"t":"2026-10-02T04:36:24Z","event":"attempt","cell":"AB-5xx-1.5","lane":0,"run":203}
{"t":"2026-10-02T04:37:13Z","event":"runner_start","run":203,"arm_ready":"2026-10-02T04:37:13Z"}
{"t":"2026-10-02T05:35:30Z","event":"runner_exit","run":203,"exit":"0","waited_s":3480}
{"t":"2026-10-02T05:37:47Z","event":"run_closed","run":203}
{"t":"2026-10-02T05:37:47Z","event":"attempt","cell":"AB-5xx-1.5","lane":0,"run":207}
{"t":"2026-10-02T05:38:36Z","event":"runner_start","run":207,"arm_ready":"2026-10-02T05:38:36Z"}
{"t":"2026-10-02T06:35:52Z","event":"runner_exit","run":207,"exit":"0","waited_s":3420}
{"t":"2026-10-02T06:38:10Z","event":"run_closed","run":207}
{"t":"2026-10-02T06:38:10Z","event":"attempt","cell":"AB-5xx-1.5","lane":0,"run":211}
{"t":"2026-10-02T06:39:22Z","event":"runner_start","run":211,"arm_ready":"2026-10-02T06:39:22Z"}
{"t":"2026-10-02T07:38:39Z","event":"runner_exit","run":211,"exit":"0","waited_s":3540}
{"t":"2026-10-02T07:40:57Z","event":"run_closed","run":211}
{"t":"2026-10-02T07:40:57Z","event":"attempt","cell":"AB-5xx-1.5","lane":0,"run":215}
{"t":"2026-10-02T07:42:58Z","event":"runner_start","run":215,"arm_ready":"2026-10-02T07:42:58Z"}
{"t":"2026-10-02T08:41:15Z","event":"runner_exit","run":215,"exit":"0","waited_s":3480}
{"t":"2026-10-02T08:43:33Z","event":"run_closed","run":215}
{"t":"2026-10-02T08:43:33Z","event":"attempt","cell":"AB-5xx-1.5","lane":0,"run":219}
{"t":"2026-10-02T08:44:21Z","event":"runner_start","run":219,"arm_ready":"2026-10-02T08:44:21Z"}
{"t":"2026-10-02T09:44:38Z","event":"runner_exit","run":219,"exit":"0","waited_s":3600}
{"t":"2026-10-02T09:46:55Z","event":"run_closed","run":219}
{"t":"2026-10-02T09:46:55Z","event":"lane_done","lane":0,"runs":5}
