{"t":"2026-10-02T13:42:09Z","event":"attempt","cell":"AB-reset","lane":2,"run":225}
{"t":"2026-10-02T13:43:23Z","event":"runner_start","run":225,"arm_ready":"2026-10-02T13:43:23Z"}
{"t":"2026-10-02T15:02:45Z","event":"runner_exit","run":225,"exit":"0","waited_s":4740}
{"t":"2026-10-02T15:05:02Z","event":"run_closed","run":225}
{"t":"2026-10-02T15:05:02Z","event":"attempt","cell":"AB-reset","lane":2,"run":229}
{"t":"2026-10-02T15:05:50Z","event":"runner_start","run":229,"arm_ready":"2026-10-02T15:05:50Z"}
{"t":"2026-10-02T16:24:13Z","event":"runner_exit","run":229,"exit":"0","waited_s":4680}
{"t":"2026-10-02T16:26:32Z","event":"run_closed","run":229}
{"t":"2026-10-02T16:26:32Z","event":"attempt","cell":"AB-reset","lane":2,"run":233}
{"t":"2026-10-02T16:27:12Z","event":"runner_start","run":233,"arm_ready":"2026-10-02T16:27:12Z"}
{"t":"2026-10-02T17:46:35Z","event":"runner_exit","run":233,"exit":"0","waited_s":4740}
{"t":"2026-10-02T17:48:59Z","event":"run_closed","run":233}
{"t":"2026-10-02T17:48:59Z","event":"attempt","cell":"AB-reset","lane":2,"run":236}
{"t":"2026-10-02T17:49:54Z","event":"runner_start","run":236,"arm_ready":"2026-10-02T17:49:54Z"}
{"t":"2026-10-02T19:08:19Z","event":"runner_exit","run":236,"exit":"0","waited_s":4680}
{"t":"2026-10-02T19:10:48Z","event":"run_closed","run":236}
{"t":"2026-10-02T19:10:48Z","event":"attempt","cell":"AB-reset","lane":2,"run":241}
{"t":"2026-10-02T19:11:34Z","event":"runner_start","run":241,"arm_ready":"2026-10-02T19:11:34Z"}
{"t":"2026-10-02T20:30:57Z","event":"runner_exit","run":241,"exit":"0","waited_s":4740}
{"t":"2026-10-02T20:33:22Z","event":"run_closed","run":241}
{"t":"2026-10-02T20:33:22Z","event":"lane_done","lane":2,"runs":5}
