{"t":"2026-10-02T20:38:40Z","event":"attempt","cell":"AB-reset-nr","lane":0,"run":243}
{"t":"2026-10-02T20:39:29Z","event":"runner_start","run":243,"arm_ready":"2026-10-02T20:39:29Z"}
{"t":"2026-10-02T21:10:39Z","event":"runner_exit","run":243,"exit":"0","waited_s":1860}
{"t":"2026-10-02T21:12:56Z","event":"run_closed","run":243}
{"t":"2026-10-02T21:12:56Z","event":"attempt","cell":"AB-reset-nr","lane":0,"run":247}
{"t":"2026-10-02T21:13:45Z","event":"runner_start","run":247,"arm_ready":"2026-10-02T21:13:45Z"}
{"t":"2026-10-02T21:44:54Z","event":"runner_exit","run":247,"exit":"0","waited_s":1860}
{"t":"2026-10-02T21:47:14Z","event":"run_closed","run":247}
{"t":"2026-10-02T21:47:14Z","event":"attempt","cell":"AB-reset-nr","lane":0,"run":251}
{"t":"2026-10-02T21:48:05Z","event":"runner_start","run":251,"arm_ready":"2026-10-02T21:48:05Z"}
{"t":"2026-10-02T22:19:15Z","event":"runner_exit","run":251,"exit":"0","waited_s":1860}
{"t":"2026-10-02T22:21:34Z","event":"run_closed","run":251}
{"t":"2026-10-02T22:21:34Z","event":"attempt","cell":"AB-reset-nr","lane":0,"run":255}
{"t":"2026-10-02T22:22:22Z","event":"runner_start","run":255,"arm_ready":"2026-10-02T22:22:22Z"}
{"t":"2026-10-02T22:53:32Z","event":"runner_exit","run":255,"exit":"0","waited_s":1860}
{"t":"2026-10-02T22:55:51Z","event":"run_closed","run":255}
{"t":"2026-10-02T22:55:51Z","event":"attempt","cell":"AB-reset-nr","lane":0,"run":259}
{"t":"2026-10-02T22:58:10Z","event":"runner_start","run":259,"arm_ready":"2026-10-02T22:58:10Z"}
{"t":"2026-10-02T23:29:20Z","event":"runner_exit","run":259,"exit":"0","waited_s":1860}
{"t":"2026-10-02T23:31:38Z","event":"run_closed","run":259}
{"t":"2026-10-02T23:31:38Z","event":"lane_done","lane":0,"runs":5}
