{"t":"2026-10-02T20:40:55Z","event":"attempt","cell":"AB-reset-nr","lane":3,"run":246}
{"t":"2026-10-02T20:42:21Z","event":"runner_start","run":246,"arm_ready":"2026-10-02T20:42:21Z"}
{"t":"2026-10-02T21:13:31Z","event":"runner_exit","run":246,"exit":"0","waited_s":1860}
{"t":"2026-10-02T21:15:48Z","event":"run_closed","run":246}
{"t":"2026-10-02T21:15:48Z","event":"attempt","cell":"AB-reset-nr","lane":3,"run":249}
{"t":"2026-10-02T21:16:49Z","event":"runner_start","run":249,"arm_ready":"2026-10-02T21:16:49Z"}
{"t":"2026-10-02T21:47:59Z","event":"runner_exit","run":249,"exit":"0","waited_s":1860}
{"t":"2026-10-02T21:50:18Z","event":"run_closed","run":249}
{"t":"2026-10-02T21:50:18Z","event":"attempt","cell":"AB-reset-nr","lane":3,"run":254}
{"t":"2026-10-02T21:51:18Z","event":"runner_start","run":254,"arm_ready":"2026-10-02T21:51:18Z"}
{"t":"2026-10-02T22:22:28Z","event":"runner_exit","run":254,"exit":"0","waited_s":1860}
{"t":"2026-10-02T22:24:44Z","event":"run_closed","run":254}
{"t":"2026-10-02T22:24:44Z","event":"attempt","cell":"AB-reset-nr","lane":3,"run":258}
{"t":"2026-10-02T22:25:44Z","event":"runner_start","run":258,"arm_ready":"2026-10-02T22:25:44Z"}
{"t":"2026-10-02T22:56:54Z","event":"runner_exit","run":258,"exit":"0","waited_s":1860}
{"t":"2026-10-02T22:59:14Z","event":"run_closed","run":258}
{"t":"2026-10-02T22:59:14Z","event":"attempt","cell":"AB-reset-nr","lane":3,"run":262}
{"t":"2026-10-02T23:00:14Z","event":"runner_start","run":262,"arm_ready":"2026-10-02T23:00:13Z"}
{"t":"2026-10-02T23:31:24Z","event":"runner_exit","run":262,"exit":"0","waited_s":1860}
{"t":"2026-10-02T23:33:42Z","event":"run_closed","run":262}
{"t":"2026-10-02T23:33:42Z","event":"lane_done","lane":3,"runs":5}
