{"t":"2026-10-02T13:42:54Z","event":"attempt","cell":"AB-reset","lane":3,"run":226}
{"t":"2026-10-02T13:44:07Z","event":"runner_start","run":226,"arm_ready":"2026-10-02T13:44:07Z"}
{"t":"2026-10-02T15:03:29Z","event":"runner_exit","run":226,"exit":"0","waited_s":4740}
{"t":"2026-10-02T15:05:53Z","event":"run_closed","run":226}
{"t":"2026-10-02T15:05:53Z","event":"attempt","cell":"AB-reset","lane":3,"run":230}
{"t":"2026-10-02T15:06:54Z","event":"runner_start","run":230,"arm_ready":"2026-10-02T15:06:54Z"}
{"t":"2026-10-02T16:25:16Z","event":"runner_exit","run":230,"exit":"0","waited_s":4680}
{"t":"2026-10-02T16:27:32Z","event":"run_closed","run":230}
{"t":"2026-10-02T16:27:32Z","event":"attempt","cell":"AB-reset","lane":3,"run":234}
{"t":"2026-10-02T16:28:32Z","event":"runner_start","run":234,"arm_ready":"2026-10-02T16:28:32Z"}
{"t":"2026-10-02T17:47:54Z","event":"runner_exit","run":234,"exit":"0","waited_s":4740}
{"t":"2026-10-02T17:50:13Z","event":"run_closed","run":234}
{"t":"2026-10-02T17:50:13Z","event":"attempt","cell":"AB-reset","lane":3,"run":238}
{"t":"2026-10-02T17:51:12Z","event":"runner_start","run":238,"arm_ready":"2026-10-02T17:51:12Z"}
{"t":"2026-10-02T19:10:35Z","event":"runner_exit","run":238,"exit":"0","waited_s":4740}
{"t":"2026-10-02T19:13:05Z","event":"run_closed","run":238}
{"t":"2026-10-02T19:13:05Z","event":"attempt","cell":"AB-reset","lane":3,"run":242}
{"t":"2026-10-02T19:14:05Z","event":"runner_start","run":242,"arm_ready":"2026-10-02T19:14:05Z"}
{"t":"2026-10-02T20:33:27Z","event":"runner_exit","run":242,"exit":"0","waited_s":4740}
{"t":"2026-10-02T20:35:43Z","event":"run_closed","run":242}
{"t":"2026-10-02T20:35:43Z","event":"lane_done","lane":3,"runs":5}
