{"t":"2026-10-02T04:38:39Z","event":"attempt","cell":"AB-5xx-1.5","lane":3,"run":206}
{"t":"2026-10-02T04:41:43Z","event":"runner_start","run":206,"arm_ready":"2026-10-02T04:41:43Z"}
{"t":"2026-10-02T05:40:00Z","event":"runner_exit","run":206,"exit":"0","waited_s":3480}
{"t":"2026-10-02T05:42:19Z","event":"run_closed","run":206}
{"t":"2026-10-02T05:42:19Z","event":"attempt","cell":"AB-5xx-1.5","lane":3,"run":210}
{"t":"2026-10-02T05:43:19Z","event":"runner_start","run":210,"arm_ready":"2026-10-02T05:43:19Z"}
{"t":"2026-10-02T06:43:36Z","event":"runner_exit","run":210,"exit":"0","waited_s":3600}
{"t":"2026-10-02T06:45:54Z","event":"run_closed","run":210}
{"t":"2026-10-02T06:45:54Z","event":"attempt","cell":"AB-5xx-1.5","lane":3,"run":214}
{"t":"2026-10-02T06:46:45Z","event":"runner_start","run":214,"arm_ready":"2026-10-02T06:46:45Z"}
{"t":"2026-10-02T07:45:01Z","event":"runner_exit","run":214,"exit":"0","waited_s":3480}
{"t":"2026-10-02T07:47:19Z","event":"run_closed","run":214}
{"t":"2026-10-02T07:47:19Z","event":"attempt","cell":"AB-5xx-1.5","lane":3,"run":216}
{"t":"2026-10-02T07:48:18Z","event":"runner_start","run":216,"arm_ready":"2026-10-02T07:48:18Z"}
{"t":"2026-10-02T08:47:35Z","event":"runner_exit","run":216,"exit":"0","waited_s":3540}
{"t":"2026-10-02T08:49:53Z","event":"run_closed","run":216}
{"t":"2026-10-02T08:49:53Z","event":"attempt","cell":"AB-5xx-1.5","lane":3,"run":220}
{"t":"2026-10-02T08:50:41Z","event":"runner_start","run":220,"arm_ready":"2026-10-02T08:50:41Z"}
{"t":"2026-10-02T09:48:58Z","event":"runner_exit","run":220,"exit":"0","waited_s":3480}
{"t":"2026-10-02T09:51:15Z","event":"run_closed","run":220}
{"t":"2026-10-02T09:51:15Z","event":"lane_done","lane":3,"runs":5}
