{"t":"2026-10-02T01:35:51Z","event":"attempt","cell":"AB-lat30","lane":3,"run":186}
{"t":"2026-10-02T01:36:41Z","event":"runner_start","run":186,"arm_ready":"2026-10-02T01:36:41Z"}
{"t":"2026-10-02T02:06:51Z","event":"runner_exit","run":186,"exit":"0","waited_s":1800}
{"t":"2026-10-02T02:09:09Z","event":"run_closed","run":186}
{"t":"2026-10-02T02:09:09Z","event":"attempt","cell":"AB-lat30","lane":3,"run":190}
{"t":"2026-10-02T02:09:57Z","event":"runner_start","run":190,"arm_ready":"2026-10-02T02:09:57Z"}
{"t":"2026-10-02T02:39:07Z","event":"runner_exit","run":190,"exit":"0","waited_s":1740}
{"t":"2026-10-02T02:41:25Z","event":"run_closed","run":190}
{"t":"2026-10-02T02:41:25Z","event":"attempt","cell":"AB-lat30","lane":3,"run":194}
{"t":"2026-10-02T02:42:52Z","event":"runner_start","run":194,"arm_ready":"2026-10-02T02:42:52Z"}
{"t":"2026-10-02T03:12:03Z","event":"runner_exit","run":194,"exit":"0","waited_s":1740}
{"t":"2026-10-02T03:14:20Z","event":"run_closed","run":194}
{"t":"2026-10-02T03:14:20Z","event":"attempt","cell":"AB-lat30","lane":3,"run":196}
{"t":"2026-10-02T03:15:08Z","event":"runner_start","run":196,"arm_ready":"2026-10-02T03:15:08Z"}
{"t":"2026-10-02T03:45:18Z","event":"runner_exit","run":196,"exit":"0","waited_s":1800}
{"t":"2026-10-02T03:47:35Z","event":"run_closed","run":196}
{"t":"2026-10-02T03:47:35Z","event":"attempt","cell":"AB-lat30","lane":3,"run":200}
{"t":"2026-10-02T03:48:36Z","event":"runner_start","run":200,"arm_ready":"2026-10-02T03:48:36Z"}
{"t":"2026-10-02T04:18:46Z","event":"runner_exit","run":200,"exit":"0","waited_s":1800}
{"t":"2026-10-02T04:21:03Z","event":"run_closed","run":200}
{"t":"2026-10-02T04:21:03Z","event":"lane_done","lane":3,"runs":5}
