{"t":"2026-10-02T20:39:25Z","event":"attempt","cell":"AB-reset-nr","lane":1,"run":244}
{"t":"2026-10-02T20:42:05Z","event":"runner_start","run":244,"arm_ready":"2026-10-02T20:42:05Z"}
{"t":"2026-10-02T21:12:15Z","event":"runner_exit","run":244,"exit":"0","waited_s":1800}
{"t":"2026-10-02T21:14:32Z","event":"run_closed","run":244}
{"t":"2026-10-02T21:14:32Z","event":"attempt","cell":"AB-reset-nr","lane":1,"run":248}
{"t":"2026-10-02T21:15:31Z","event":"runner_start","run":248,"arm_ready":"2026-10-02T21:15:31Z"}
{"t":"2026-10-02T21:46:41Z","event":"runner_exit","run":248,"exit":"0","waited_s":1860}
{"t":"2026-10-02T21:48:58Z","event":"run_closed","run":248}
{"t":"2026-10-02T21:48:58Z","event":"attempt","cell":"AB-reset-nr","lane":1,"run":252}
{"t":"2026-10-02T21:50:00Z","event":"runner_start","run":252,"arm_ready":"2026-10-02T21:50:00Z"}
{"t":"2026-10-02T22:21:10Z","event":"runner_exit","run":252,"exit":"0","waited_s":1860}
{"t":"2026-10-02T22:23:28Z","event":"run_closed","run":252}
{"t":"2026-10-02T22:23:28Z","event":"attempt","cell":"AB-reset-nr","lane":1,"run":256}
{"t":"2026-10-02T22:24:20Z","event":"runner_start","run":256,"arm_ready":"2026-10-02T22:24:20Z"}
{"t":"2026-10-02T22:54:29Z","event":"runner_exit","run":256,"exit":"0","waited_s":1800}
{"t":"2026-10-02T22:56:46Z","event":"run_closed","run":256}
{"t":"2026-10-02T22:56:46Z","event":"attempt","cell":"AB-reset-nr","lane":1,"run":260}
{"t":"2026-10-02T22:57:36Z","event":"runner_start","run":260,"arm_ready":"2026-10-02T22:57:36Z"}
{"t":"2026-10-02T23:27:46Z","event":"runner_exit","run":260,"exit":"0","waited_s":1800}
{"t":"2026-10-02T23:30:04Z","event":"run_closed","run":260}
{"t":"2026-10-02T23:30:04Z","event":"lane_done","lane":1,"runs":5}
{"t":"2026-10-02T23:36:49Z","event":"attempt","cell":"AB-reset-nr","lane":1,"run":263}
{"t":"2026-10-02T23:37:36Z","event":"runner_start","run":263,"arm_ready":"2026-10-02T23:37:36Z"}
{"t":"2026-10-03T00:08:47Z","event":"runner_exit","run":263,"exit":"0","waited_s":1860}
{"t":"2026-10-03T00:11:04Z","event":"run_closed","run":263}
{"t":"2026-10-03T00:11:04Z","event":"lane_done","lane":1,"runs":1}
