{"t":"2026-10-02T04:37:09Z","event":"attempt","cell":"AB-5xx-1.5","lane":1,"run":204}
{"t":"2026-10-02T04:37:59Z","event":"runner_start","run":204,"arm_ready":"2026-10-02T04:37:59Z"}
{"t":"2026-10-02T05:36:17Z","event":"runner_exit","run":204,"exit":"0","waited_s":3480}
{"t":"2026-10-02T05:38:34Z","event":"run_closed","run":204}
{"t":"2026-10-02T05:38:34Z","event":"attempt","cell":"AB-5xx-1.5","lane":1,"run":208}
{"t":"2026-10-02T05:42:05Z","event":"runner_start","run":208,"arm_ready":"2026-10-02T05:42:05Z"}
{"t":"2026-10-02T06:43:23Z","event":"runner_exit","run":208,"exit":"0","waited_s":3660}
{"t":"2026-10-02T06:45:40Z","event":"run_closed","run":208}
{"t":"2026-10-02T06:45:40Z","event":"attempt","cell":"AB-5xx-1.5","lane":1,"run":213}
{"t":"2026-10-02T06:46:30Z","event":"runner_start","run":213,"arm_ready":"2026-10-02T06:46:30Z"}
{"t":"2026-10-02T07:46:48Z","event":"runner_exit","run":213,"exit":"0","waited_s":3600}
{"t":"2026-10-02T07:49:05Z","event":"run_closed","run":213}
{"t":"2026-10-02T07:49:05Z","event":"attempt","cell":"AB-5xx-1.5","lane":1,"run":218}
{"t":"2026-10-02T07:50:06Z","event":"runner_start","run":218,"arm_ready":"2026-10-02T07:50:06Z"}
{"t":"2026-10-02T08:49:23Z","event":"runner_exit","run":218,"exit":"0","waited_s":3540}
{"t":"2026-10-02T08:51:40Z","event":"run_closed","run":218}
{"t":"2026-10-02T08:51:40Z","event":"attempt","cell":"AB-5xx-1.5","lane":1,"run":222}
{"t":"2026-10-02T08:52:29Z","event":"runner_start","run":222,"arm_ready":"2026-10-02T08:52:29Z"}
{"t":"2026-10-02T09:50:45Z","event":"runner_exit","run":222,"exit":"0","waited_s":3480}
{"t":"2026-10-02T09:53:02Z","event":"run_closed","run":222}
{"t":"2026-10-02T09:53:02Z","event":"lane_done","lane":1,"runs":5}
