{"t":"2026-10-02T20:40:10Z","event":"attempt","cell":"AB-reset-nr","lane":2,"run":245}
{"t":"2026-10-02T20:42:37Z","event":"runner_start","run":245,"arm_ready":"2026-10-02T20:42:37Z"}
{"t":"2026-10-02T21:13:47Z","event":"runner_exit","run":245,"exit":"0","waited_s":1860}
{"t":"2026-10-02T21:16:04Z","event":"run_closed","run":245}
{"t":"2026-10-02T21:16:04Z","event":"attempt","cell":"AB-reset-nr","lane":2,"run":250}
{"t":"2026-10-02T21:16:52Z","event":"runner_start","run":250,"arm_ready":"2026-10-02T21:16:52Z"}
{"t":"2026-10-02T21:47:02Z","event":"runner_exit","run":250,"exit":"0","waited_s":1800}
{"t":"2026-10-02T21:49:22Z","event":"run_closed","run":250}
{"t":"2026-10-02T21:49:22Z","event":"attempt","cell":"AB-reset-nr","lane":2,"run":253}
{"t":"2026-10-02T21:50:10Z","event":"runner_start","run":253,"arm_ready":"2026-10-02T21:50:10Z"}
{"t":"2026-10-02T22:21:20Z","event":"runner_exit","run":253,"exit":"0","waited_s":1860}
{"t":"2026-10-02T22:23:41Z","event":"run_closed","run":253}
{"t":"2026-10-02T22:23:41Z","event":"attempt","cell":"AB-reset-nr","lane":2,"run":257}
{"t":"2026-10-02T22:24:32Z","event":"runner_start","run":257,"arm_ready":"2026-10-02T22:24:32Z"}
{"t":"2026-10-02T22:55:42Z","event":"runner_exit","run":257,"exit":"0","waited_s":1860}
{"t":"2026-10-02T22:58:03Z","event":"run_closed","run":257}
{"t":"2026-10-02T22:58:03Z","event":"attempt","cell":"AB-reset-nr","lane":2,"run":261}
{"t":"2026-10-02T22:58:52Z","event":"runner_start","run":261,"arm_ready":"2026-10-02T22:58:52Z"}
{"t":"2026-10-02T23:29:02Z","event":"runner_exit","run":261,"exit":"0","waited_s":1800}
{"t":"2026-10-02T23:31:19Z","event":"run_closed","run":261}
{"t":"2026-10-02T23:31:19Z","event":"lane_done","lane":2,"runs":5}
