{"t":"2026-10-02T01:35:06Z","event":"attempt","cell":"AB-lat30","lane":2,"run":185}
{"t":"2026-10-02T01:35:57Z","event":"runner_start","run":185,"arm_ready":"2026-10-02T01:35:57Z"}
{"t":"2026-10-02T02:05:07Z","event":"runner_exit","run":185,"exit":"0","waited_s":1740}
{"t":"2026-10-02T02:07:24Z","event":"run_closed","run":185}
{"t":"2026-10-02T02:07:24Z","event":"attempt","cell":"AB-lat30","lane":2,"run":188}
{"t":"2026-10-02T02:08:16Z","event":"runner_start","run":188,"arm_ready":"2026-10-02T02:08:16Z"}
{"t":"2026-10-02T02:38:25Z","event":"runner_exit","run":188,"exit":"0","waited_s":1800}
{"t":"2026-10-02T02:40:42Z","event":"run_closed","run":188}
{"t":"2026-10-02T02:40:42Z","event":"attempt","cell":"AB-lat30","lane":2,"run":192}
{"t":"2026-10-02T02:43:12Z","event":"runner_start","run":192,"arm_ready":"2026-10-02T02:43:12Z"}
{"t":"2026-10-02T03:13:22Z","event":"runner_exit","run":192,"exit":"0","waited_s":1800}
{"t":"2026-10-02T03:15:48Z","event":"run_closed","run":192}
{"t":"2026-10-02T03:15:48Z","event":"attempt","cell":"AB-lat30","lane":2,"run":197}
{"t":"2026-10-02T03:16:41Z","event":"runner_start","run":197,"arm_ready":"2026-10-02T03:16:41Z"}
{"t":"2026-10-02T03:46:50Z","event":"runner_exit","run":197,"exit":"0","waited_s":1800}
{"t":"2026-10-02T03:49:19Z","event":"run_closed","run":197}
{"t":"2026-10-02T03:49:19Z","event":"attempt","cell":"AB-lat30","lane":2,"run":201}
{"t":"2026-10-02T03:50:10Z","event":"runner_start","run":201,"arm_ready":"2026-10-02T03:50:10Z"}
{"t":"2026-10-02T04:20:20Z","event":"runner_exit","run":201,"exit":"0","waited_s":1800}
{"t":"2026-10-02T04:22:41Z","event":"run_closed","run":201}
{"t":"2026-10-02T04:22:41Z","event":"lane_done","lane":2,"runs":5}
