{"t":"2026-10-02T01:33:36Z","event":"attempt","cell":"AB-lat30","lane":0,"run":183}
{"t":"2026-10-02T01:34:37Z","event":"runner_start","run":183,"arm_ready":"2026-10-02T01:34:37Z"}
{"t":"2026-10-02T02:04:47Z","event":"runner_exit","run":183,"exit":"0","waited_s":1800}
{"t":"2026-10-02T02:07:06Z","event":"run_closed","run":183}
{"t":"2026-10-02T02:07:06Z","event":"attempt","cell":"AB-lat30","lane":0,"run":187}
{"t":"2026-10-02T02:07:56Z","event":"runner_start","run":187,"arm_ready":"2026-10-02T02:07:56Z"}
{"t":"2026-10-02T02:37:06Z","event":"runner_exit","run":187,"exit":"0","waited_s":1740}
{"t":"2026-10-02T02:39:23Z","event":"run_closed","run":187}
{"t":"2026-10-02T02:39:23Z","event":"attempt","cell":"AB-lat30","lane":0,"run":191}
{"t":"2026-10-02T02:41:02Z","event":"runner_start","run":191,"arm_ready":"2026-10-02T02:41:02Z"}
{"t":"2026-10-02T03:11:12Z","event":"runner_exit","run":191,"exit":"0","waited_s":1800}
{"t":"2026-10-02T03:13:34Z","event":"run_closed","run":191}
{"t":"2026-10-02T03:13:34Z","event":"attempt","cell":"AB-lat30","lane":0,"run":195}
{"t":"2026-10-02T03:14:29Z","event":"runner_start","run":195,"arm_ready":"2026-10-02T03:14:29Z"}
{"t":"2026-10-02T03:44:39Z","event":"runner_exit","run":195,"exit":"0","waited_s":1800}
{"t":"2026-10-02T03:47:00Z","event":"run_closed","run":195}
{"t":"2026-10-02T03:47:00Z","event":"attempt","cell":"AB-lat30","lane":0,"run":199}
{"t":"2026-10-02T03:47:56Z","event":"runner_start","run":199,"arm_ready":"2026-10-02T03:47:56Z"}
{"t":"2026-10-02T04:17:06Z","event":"runner_exit","run":199,"exit":"0","waited_s":1740}
{"t":"2026-10-02T04:19:23Z","event":"run_closed","run":199}
{"t":"2026-10-02T04:19:23Z","event":"lane_done","lane":0,"runs":5}
