{"t":"2026-10-02T04:37:54Z","event":"attempt","cell":"AB-5xx-1.5","lane":2,"run":205}
{"t":"2026-10-02T04:38:45Z","event":"runner_start","run":205,"arm_ready":"2026-10-02T04:38:45Z"}
{"t":"2026-10-02T05:39:03Z","event":"runner_exit","run":205,"exit":"0","waited_s":3600}
{"t":"2026-10-02T05:41:21Z","event":"run_closed","run":205}
{"t":"2026-10-02T05:41:21Z","event":"attempt","cell":"AB-5xx-1.5","lane":2,"run":209}
{"t":"2026-10-02T05:42:35Z","event":"runner_start","run":209,"arm_ready":"2026-10-02T05:42:35Z"}
{"t":"2026-10-02T06:42:52Z","event":"runner_exit","run":209,"exit":"0","waited_s":3600}
{"t":"2026-10-02T06:45:09Z","event":"run_closed","run":209}
{"t":"2026-10-02T06:45:09Z","event":"attempt","cell":"AB-5xx-1.5","lane":2,"run":212}
{"t":"2026-10-02T06:45:59Z","event":"runner_start","run":212,"arm_ready":"2026-10-02T06:45:59Z"}
{"t":"2026-10-02T07:46:17Z","event":"runner_exit","run":212,"exit":"0","waited_s":3600}
{"t":"2026-10-02T07:48:34Z","event":"run_closed","run":212}
{"t":"2026-10-02T07:48:34Z","event":"attempt","cell":"AB-5xx-1.5","lane":2,"run":217}
{"t":"2026-10-02T07:49:34Z","event":"runner_start","run":217,"arm_ready":"2026-10-02T07:49:34Z"}
{"t":"2026-10-02T08:48:51Z","event":"runner_exit","run":217,"exit":"0","waited_s":3540}
{"t":"2026-10-02T08:51:09Z","event":"run_closed","run":217}
{"t":"2026-10-02T08:51:09Z","event":"attempt","cell":"AB-5xx-1.5","lane":2,"run":221}
{"t":"2026-10-02T08:51:58Z","event":"runner_start","run":221,"arm_ready":"2026-10-02T08:51:58Z"}
{"t":"2026-10-02T09:52:16Z","event":"runner_exit","run":221,"exit":"0","waited_s":3600}
{"t":"2026-10-02T09:54:32Z","event":"run_closed","run":221}
{"t":"2026-10-02T09:54:32Z","event":"lane_done","lane":2,"runs":5}
