{"t":"2026-10-02T13:41:24Z","event":"attempt","cell":"AB-reset","lane":1,"run":224}
{"t":"2026-10-02T13:42:50Z","event":"runner_start","run":224,"arm_ready":"2026-10-02T13:42:50Z"}
{"t":"2026-10-02T15:01:12Z","event":"runner_exit","run":224,"exit":"0","waited_s":4680}
{"t":"2026-10-02T15:03:29Z","event":"run_closed","run":224}
{"t":"2026-10-02T15:03:29Z","event":"attempt","cell":"AB-reset","lane":1,"run":227}
{"t":"2026-10-02T15:04:25Z","event":"runner_start","run":227,"arm_ready":"2026-10-02T15:04:25Z"}
{"t":"2026-10-02T16:23:47Z","event":"runner_exit","run":227,"exit":"0","waited_s":4740}
{"t":"2026-10-02T16:26:05Z","event":"run_closed","run":227}
{"t":"2026-10-02T16:26:05Z","event":"attempt","cell":"AB-reset","lane":1,"run":231}
{"t":"2026-10-02T16:26:46Z","event":"runner_start","run":231,"arm_ready":"2026-10-02T16:26:46Z"}
{"t":"2026-10-02T17:45:09Z","event":"runner_exit","run":231,"exit":"0","waited_s":4680}
{"t":"2026-10-02T17:47:26Z","event":"run_closed","run":231}
{"t":"2026-10-02T17:47:26Z","event":"attempt","cell":"AB-reset","lane":1,"run":235}
{"t":"2026-10-02T17:48:14Z","event":"runner_start","run":235,"arm_ready":"2026-10-02T17:48:14Z"}
{"t":"2026-10-02T19:07:36Z","event":"runner_exit","run":235,"exit":"0","waited_s":4740}
{"t":"2026-10-02T19:09:53Z","event":"run_closed","run":235}
{"t":"2026-10-02T19:09:53Z","event":"attempt","cell":"AB-reset","lane":1,"run":239}
{"t":"2026-10-02T19:11:14Z","event":"runner_start","run":239,"arm_ready":"2026-10-02T19:11:14Z"}
{"t":"2026-10-02T20:30:36Z","event":"runner_exit","run":239,"exit":"0","waited_s":4740}
{"t":"2026-10-02T20:32:53Z","event":"run_closed","run":239}
{"t":"2026-10-02T20:32:53Z","event":"lane_done","lane":1,"runs":5}
