{"t":"2026-09-30T14:57:35Z","event":"attempt","cell":"AA","lane":0,"run":83}
{"t":"2026-09-30T14:58:24Z","event":"runner_start","run":83,"arm_ready":"2026-09-30T14:58:24Z"}
{"t":"2026-09-30T16:17:46Z","event":"runner_exit","run":83,"exit":"0","waited_s":4740}
{"t":"2026-09-30T16:20:04Z","event":"run_closed","run":83}
{"t":"2026-09-30T16:20:04Z","event":"attempt","cell":"AA","lane":0,"run":87}
{"t":"2026-09-30T16:20:53Z","event":"runner_start","run":87,"arm_ready":"2026-09-30T16:20:53Z"}
{"t":"2026-09-30T17:39:17Z","event":"runner_exit","run":87,"exit":"0","waited_s":4680}
{"t":"2026-09-30T17:41:35Z","event":"run_closed","run":87}
{"t":"2026-09-30T17:41:35Z","event":"attempt","cell":"AA","lane":0,"run":91}
{"t":"2026-09-30T17:42:23Z","event":"runner_start","run":91,"arm_ready":"2026-09-30T17:42:23Z"}
{"t":"2026-09-30T19:01:45Z","event":"runner_exit","run":91,"exit":"0","waited_s":4740}
{"t":"2026-09-30T19:04:03Z","event":"run_closed","run":91}
{"t":"2026-09-30T19:04:03Z","event":"attempt","cell":"AA","lane":0,"run":95}
{"t":"2026-09-30T19:05:18Z","event":"runner_start","run":95,"arm_ready":"2026-09-30T19:05:18Z"}
{"t":"2026-09-30T20:24:40Z","event":"runner_exit","run":95,"exit":"0","waited_s":4740}
{"t":"2026-09-30T20:26:59Z","event":"run_closed","run":95}
{"t":"2026-09-30T20:26:59Z","event":"attempt","cell":"AA","lane":0,"run":101}
{"t":"2026-09-30T20:27:51Z","event":"runner_start","run":101,"arm_ready":"2026-09-30T20:27:51Z"}
{"t":"2026-09-30T21:46:13Z","event":"runner_exit","run":101,"exit":"0","waited_s":4680}
{"t":"2026-09-30T21:48:32Z","event":"run_closed","run":101}
{"t":"2026-09-30T21:48:32Z","event":"attempt","cell":"AA","lane":0,"run":103}
{"t":"2026-09-30T21:49:25Z","event":"runner_start","run":103,"arm_ready":"2026-09-30T21:49:25Z"}
{"t":"2026-09-30T23:08:47Z","event":"runner_exit","run":103,"exit":"0","waited_s":4740}
{"t":"2026-09-30T23:11:04Z","event":"run_closed","run":103}
{"t":"2026-09-30T23:11:04Z","event":"attempt","cell":"AA","lane":0,"run":109}
{"t":"2026-09-30T23:11:55Z","event":"runner_start","run":109,"arm_ready":"2026-09-30T23:11:55Z"}
{"t":"2026-10-01T00:30:18Z","event":"runner_exit","run":109,"exit":"0","waited_s":4680}
{"t":"2026-10-01T00:32:35Z","event":"run_closed","run":109}
{"t":"2026-10-01T00:32:35Z","event":"attempt","cell":"AA","lane":0,"run":111}
{"t":"2026-10-01T00:33:24Z","event":"runner_start","run":111,"arm_ready":"2026-10-01T00:33:24Z"}
{"t":"2026-10-01T01:52:46Z","event":"runner_exit","run":111,"exit":"0","waited_s":4740}
{"t":"2026-10-01T01:55:04Z","event":"run_closed","run":111}
{"t":"2026-10-01T01:55:04Z","event":"attempt","cell":"AA","lane":0,"run":116}
{"t":"2026-10-01T01:55:54Z","event":"runner_start","run":116,"arm_ready":"2026-10-01T01:55:54Z"}
{"t":"2026-10-01T03:14:16Z","event":"runner_exit","run":116,"exit":"0","waited_s":4680}
{"t":"2026-10-01T03:16:33Z","event":"run_closed","run":116}
{"t":"2026-10-01T03:16:33Z","event":"attempt","cell":"AA","lane":0,"run":119}
{"t":"2026-10-01T03:17:23Z","event":"runner_start","run":119,"arm_ready":"2026-10-01T03:17:23Z"}
{"t":"2026-10-01T04:36:45Z","event":"runner_exit","run":119,"exit":"0","waited_s":4740}
{"t":"2026-10-01T04:39:02Z","event":"run_closed","run":119}
{"t":"2026-10-01T04:39:02Z","event":"attempt","cell":"AA","lane":0,"run":123}
{"t":"2026-10-01T04:39:53Z","event":"runner_start","run":123,"arm_ready":"2026-10-01T04:39:53Z"}
{"t":"2026-10-01T05:58:16Z","event":"runner_exit","run":123,"exit":"0","waited_s":4680}
{"t":"2026-10-01T06:00:33Z","event":"run_closed","run":123}
{"t":"2026-10-01T06:00:33Z","event":"attempt","cell":"AA","lane":0,"run":127}
{"t":"2026-10-01T06:01:35Z","event":"runner_start","run":127,"arm_ready":"2026-10-01T06:01:35Z"}
{"t":"2026-10-01T07:20:57Z","event":"runner_exit","run":127,"exit":"0","waited_s":4740}
{"t":"2026-10-01T07:23:15Z","event":"run_closed","run":127}
{"t":"2026-10-01T07:23:15Z","event":"attempt","cell":"AA","lane":0,"run":131}
{"t":"2026-10-01T07:23:51Z","event":"runner_start","run":131,"arm_ready":"2026-10-01T07:23:51Z"}
{"t":"2026-10-01T08:42:13Z","event":"runner_exit","run":131,"exit":"0","waited_s":4680}
{"t":"2026-10-01T08:44:33Z","event":"run_closed","run":131}
{"t":"2026-10-01T08:44:33Z","event":"attempt","cell":"AA","lane":0,"run":135}
{"t":"2026-10-01T08:45:12Z","event":"runner_start","run":135,"arm_ready":"2026-10-01T08:45:12Z"}
{"t":"2026-10-01T10:04:34Z","event":"runner_exit","run":135,"exit":"0","waited_s":4740}
{"t":"2026-10-01T10:06:51Z","event":"run_closed","run":135}
{"t":"2026-10-01T10:06:51Z","event":"attempt","cell":"AA","lane":0,"run":139}
{"t":"2026-10-01T10:07:42Z","event":"runner_start","run":139,"arm_ready":"2026-10-01T10:07:42Z"}
{"t":"2026-10-01T11:26:04Z","event":"runner_exit","run":139,"exit":"0","waited_s":4680}
{"t":"2026-10-01T11:28:22Z","event":"run_closed","run":139}
{"t":"2026-10-01T11:28:22Z","event":"attempt","cell":"AA","lane":0,"run":143}
{"t":"2026-10-01T11:29:11Z","event":"runner_start","run":143,"arm_ready":"2026-10-01T11:29:11Z"}
{"t":"2026-10-01T12:48:33Z","event":"runner_exit","run":143,"exit":"0","waited_s":4740}
{"t":"2026-10-01T12:50:51Z","event":"run_closed","run":143}
{"t":"2026-10-01T12:50:51Z","event":"attempt","cell":"AA","lane":0,"run":147}
{"t":"2026-10-01T12:51:40Z","event":"runner_start","run":147,"arm_ready":"2026-10-01T12:51:40Z"}
{"t":"2026-10-01T14:10:01Z","event":"runner_exit","run":147,"exit":"0","waited_s":4680}
{"t":"2026-10-01T14:12:19Z","event":"run_closed","run":147}
{"t":"2026-10-01T14:12:19Z","event":"attempt","cell":"AA","lane":0,"run":151}
{"t":"2026-10-01T14:13:11Z","event":"runner_start","run":151,"arm_ready":"2026-10-01T14:13:11Z"}
{"t":"2026-10-01T15:32:32Z","event":"runner_exit","run":151,"exit":"0","waited_s":4740}
{"t":"2026-10-01T15:34:50Z","event":"run_closed","run":151}
{"t":"2026-10-01T15:34:50Z","event":"attempt","cell":"AA","lane":0,"run":155}
{"t":"2026-10-01T15:35:41Z","event":"runner_start","run":155,"arm_ready":"2026-10-01T15:35:41Z"}
{"t":"2026-10-01T16:54:03Z","event":"runner_exit","run":155,"exit":"0","waited_s":4680}
{"t":"2026-10-01T16:56:21Z","event":"run_closed","run":155}
{"t":"2026-10-01T16:56:21Z","event":"attempt","cell":"AA","lane":0,"run":159}
{"t":"2026-10-01T16:57:09Z","event":"runner_start","run":159,"arm_ready":"2026-10-01T16:57:09Z"}
{"t":"2026-10-01T18:16:31Z","event":"runner_exit","run":159,"exit":"0","waited_s":4740}
{"t":"2026-10-01T18:18:49Z","event":"run_closed","run":159}
{"t":"2026-10-01T18:18:49Z","event":"attempt","cell":"AA","lane":0,"run":163}
{"t":"2026-10-01T18:19:36Z","event":"runner_start","run":163,"arm_ready":"2026-10-01T18:19:36Z"}
{"t":"2026-10-01T19:38:58Z","event":"runner_exit","run":163,"exit":"0","waited_s":4740}
{"t":"2026-10-01T19:41:19Z","event":"run_closed","run":163}
{"t":"2026-10-01T19:41:19Z","event":"attempt","cell":"AA","lane":0,"run":167}
{"t":"2026-10-01T19:42:55Z","event":"runner_start","run":167,"arm_ready":"2026-10-01T19:42:55Z"}
{"t":"2026-10-01T21:01:18Z","event":"runner_exit","run":167,"exit":"0","waited_s":4680}
{"t":"2026-10-01T21:03:36Z","event":"run_closed","run":167}
{"t":"2026-10-01T21:03:36Z","event":"attempt","cell":"AA","lane":0,"run":171}
{"t":"2026-10-01T21:04:27Z","event":"runner_start","run":171,"arm_ready":"2026-10-01T21:04:27Z"}
{"t":"2026-10-01T22:23:49Z","event":"runner_exit","run":171,"exit":"0","waited_s":4740}
{"t":"2026-10-01T22:26:08Z","event":"run_closed","run":171}
{"t":"2026-10-01T22:26:08Z","event":"attempt","cell":"AA","lane":0,"run":175}
{"t":"2026-10-01T22:26:55Z","event":"runner_start","run":175,"arm_ready":"2026-10-01T22:26:55Z"}
{"t":"2026-10-01T23:45:18Z","event":"runner_exit","run":175,"exit":"0","waited_s":4680}
{"t":"2026-10-01T23:47:35Z","event":"run_closed","run":175}
{"t":"2026-10-01T23:47:35Z","event":"attempt","cell":"AA","lane":0,"run":179}
{"t":"2026-10-01T23:48:37Z","event":"runner_start","run":179,"arm_ready":"2026-10-01T23:48:37Z"}
{"t":"2026-10-02T01:07:59Z","event":"runner_exit","run":179,"exit":"0","waited_s":4740}
{"t":"2026-10-02T01:10:17Z","event":"run_closed","run":179}
{"t":"2026-10-02T01:10:17Z","event":"lane_done","lane":0,"runs":25}
