{"t":"2026-09-30T14:59:50Z","event":"attempt","cell":"AA","lane":3,"run":86}
{"t":"2026-09-30T15:00:42Z","event":"runner_start","run":86,"arm_ready":"2026-09-30T15:00:42Z"}
{"t":"2026-09-30T16:19:05Z","event":"runner_exit","run":86,"exit":"0","waited_s":4680}
{"t":"2026-09-30T16:21:22Z","event":"run_closed","run":86}
{"t":"2026-09-30T16:21:22Z","event":"attempt","cell":"AA","lane":3,"run":90}
{"t":"2026-09-30T16:22:24Z","event":"runner_start","run":90,"arm_ready":"2026-09-30T16:22:24Z"}
{"t":"2026-09-30T17:41:46Z","event":"runner_exit","run":90,"exit":"0","waited_s":4740}
{"t":"2026-09-30T17:44:05Z","event":"run_closed","run":90}
{"t":"2026-09-30T17:44:05Z","event":"attempt","cell":"AA","lane":3,"run":94}
{"t":"2026-09-30T17:44:52Z","event":"runner_start","run":94,"arm_ready":"2026-09-30T17:44:52Z"}
{"t":"2026-09-30T19:03:15Z","event":"runner_exit","run":94,"exit":"0","waited_s":4680}
{"t":"2026-09-30T19:05:32Z","event":"run_closed","run":94}
{"t":"2026-09-30T19:05:32Z","event":"attempt","cell":"AA","lane":3,"run":98}
{"t":"2026-09-30T19:06:34Z","event":"runner_start","run":98,"arm_ready":"2026-09-30T19:06:34Z"}
{"t":"2026-09-30T20:25:56Z","event":"runner_exit","run":98,"exit":"0","waited_s":4740}
{"t":"2026-09-30T20:28:14Z","event":"run_closed","run":98}
{"t":"2026-09-30T20:28:14Z","event":"attempt","cell":"AA","lane":3,"run":102}
{"t":"2026-09-30T20:29:02Z","event":"runner_start","run":102,"arm_ready":"2026-09-30T20:29:02Z"}
{"t":"2026-09-30T21:48:24Z","event":"runner_exit","run":102,"exit":"0","waited_s":4740}
{"t":"2026-09-30T21:50:46Z","event":"run_closed","run":102}
{"t":"2026-09-30T21:50:46Z","event":"attempt","cell":"AA","lane":3,"run":106}
{"t":"2026-09-30T21:51:46Z","event":"runner_start","run":106,"arm_ready":"2026-09-30T21:51:46Z"}
{"t":"2026-09-30T23:10:08Z","event":"runner_exit","run":106,"exit":"0","waited_s":4680}
{"t":"2026-09-30T23:12:26Z","event":"run_closed","run":106}
{"t":"2026-09-30T23:12:26Z","event":"attempt","cell":"AA","lane":3,"run":110}
{"t":"2026-09-30T23:13:38Z","event":"runner_start","run":110,"arm_ready":"2026-09-30T23:13:38Z"}
{"t":"2026-10-01T00:32:00Z","event":"runner_exit","run":110,"exit":"0","waited_s":4680}
{"t":"2026-10-01T00:34:18Z","event":"run_closed","run":110}
{"t":"2026-10-01T00:34:18Z","event":"attempt","cell":"AA","lane":3,"run":114}
{"t":"2026-10-01T00:35:05Z","event":"runner_start","run":114,"arm_ready":"2026-10-01T00:35:05Z"}
{"t":"2026-10-01T01:54:27Z","event":"runner_exit","run":114,"exit":"0","waited_s":4740}
{"t":"2026-10-01T01:56:48Z","event":"run_closed","run":114}
{"t":"2026-10-01T01:56:48Z","event":"attempt","cell":"AA","lane":3,"run":118}
{"t":"2026-10-01T01:57:47Z","event":"runner_start","run":118,"arm_ready":"2026-10-01T01:57:47Z"}
{"t":"2026-10-01T03:16:10Z","event":"runner_exit","run":118,"exit":"0","waited_s":4680}
{"t":"2026-10-01T03:18:27Z","event":"run_closed","run":118}
{"t":"2026-10-01T03:18:27Z","event":"attempt","cell":"AA","lane":3,"run":122}
{"t":"2026-10-01T03:19:52Z","event":"runner_start","run":122,"arm_ready":"2026-10-01T03:19:52Z"}
{"t":"2026-10-01T04:38:14Z","event":"runner_exit","run":122,"exit":"0","waited_s":4680}
{"t":"2026-10-01T04:40:31Z","event":"run_closed","run":122}
{"t":"2026-10-01T04:40:31Z","event":"attempt","cell":"AA","lane":3,"run":126}
{"t":"2026-10-01T04:41:32Z","event":"runner_start","run":126,"arm_ready":"2026-10-01T04:41:32Z"}
{"t":"2026-10-01T06:00:54Z","event":"runner_exit","run":126,"exit":"0","waited_s":4740}
{"t":"2026-10-01T06:03:13Z","event":"run_closed","run":126}
{"t":"2026-10-01T06:03:13Z","event":"attempt","cell":"AA","lane":3,"run":130}
{"t":"2026-10-01T06:04:01Z","event":"runner_start","run":130,"arm_ready":"2026-10-01T06:04:01Z"}
{"t":"2026-10-01T07:23:23Z","event":"runner_exit","run":130,"exit":"0","waited_s":4740}
{"t":"2026-10-01T07:25:41Z","event":"run_closed","run":130}
{"t":"2026-10-01T07:25:41Z","event":"attempt","cell":"AA","lane":3,"run":134}
{"t":"2026-10-01T07:26:41Z","event":"runner_start","run":134,"arm_ready":"2026-10-01T07:26:41Z"}
{"t":"2026-10-01T08:45:04Z","event":"runner_exit","run":134,"exit":"0","waited_s":4680}
{"t":"2026-10-01T08:47:23Z","event":"run_closed","run":134}
{"t":"2026-10-01T08:47:23Z","event":"attempt","cell":"AA","lane":3,"run":138}
{"t":"2026-10-01T08:48:11Z","event":"runner_start","run":138,"arm_ready":"2026-10-01T08:48:11Z"}
{"t":"2026-10-01T10:07:32Z","event":"runner_exit","run":138,"exit":"0","waited_s":4740}
{"t":"2026-10-01T10:09:52Z","event":"run_closed","run":138}
{"t":"2026-10-01T10:09:52Z","event":"attempt","cell":"AA","lane":3,"run":142}
{"t":"2026-10-01T10:10:41Z","event":"runner_start","run":142,"arm_ready":"2026-10-01T10:10:41Z"}
{"t":"2026-10-01T11:29:04Z","event":"runner_exit","run":142,"exit":"0","waited_s":4680}
{"t":"2026-10-01T11:31:22Z","event":"run_closed","run":142}
{"t":"2026-10-01T11:31:22Z","event":"attempt","cell":"AA","lane":3,"run":145}
{"t":"2026-10-01T11:32:11Z","event":"runner_start","run":145,"arm_ready":"2026-10-01T11:32:11Z"}
{"t":"2026-10-01T12:51:33Z","event":"runner_exit","run":145,"exit":"0","waited_s":4740}
{"t":"2026-10-01T12:53:51Z","event":"run_closed","run":145}
{"t":"2026-10-01T12:53:51Z","event":"attempt","cell":"AA","lane":3,"run":149}
{"t":"2026-10-01T12:54:39Z","event":"runner_start","run":149,"arm_ready":"2026-10-01T12:54:39Z"}
{"t":"2026-10-01T14:13:02Z","event":"runner_exit","run":149,"exit":"0","waited_s":4680}
{"t":"2026-10-01T14:15:21Z","event":"run_closed","run":149}
{"t":"2026-10-01T14:15:21Z","event":"attempt","cell":"AA","lane":3,"run":153}
{"t":"2026-10-01T14:16:09Z","event":"runner_start","run":153,"arm_ready":"2026-10-01T14:16:09Z"}
{"t":"2026-10-01T15:35:31Z","event":"runner_exit","run":153,"exit":"0","waited_s":4740}
{"t":"2026-10-01T15:37:51Z","event":"run_closed","run":153}
{"t":"2026-10-01T15:37:51Z","event":"attempt","cell":"AA","lane":3,"run":157}
{"t":"2026-10-01T15:40:21Z","event":"runner_start","run":157,"arm_ready":"2026-10-01T15:40:21Z"}
{"t":"2026-10-01T16:59:43Z","event":"runner_exit","run":157,"exit":"0","waited_s":4740}
{"t":"2026-10-01T17:02:02Z","event":"run_closed","run":157}
{"t":"2026-10-01T17:02:02Z","event":"attempt","cell":"AA","lane":3,"run":162}
{"t":"2026-10-01T17:02:51Z","event":"runner_start","run":162,"arm_ready":"2026-10-01T17:02:51Z"}
{"t":"2026-10-01T18:21:14Z","event":"runner_exit","run":162,"exit":"0","waited_s":4680}
{"t":"2026-10-01T18:23:31Z","event":"run_closed","run":162}
{"t":"2026-10-01T18:23:31Z","event":"attempt","cell":"AA","lane":3,"run":166}
{"t":"2026-10-01T18:24:20Z","event":"runner_start","run":166,"arm_ready":"2026-10-01T18:24:20Z"}
{"t":"2026-10-01T19:43:42Z","event":"runner_exit","run":166,"exit":"0","waited_s":4740}
{"t":"2026-10-01T19:46:01Z","event":"run_closed","run":166}
{"t":"2026-10-01T19:46:01Z","event":"attempt","cell":"AA","lane":3,"run":170}
{"t":"2026-10-01T19:46:52Z","event":"runner_start","run":170,"arm_ready":"2026-10-01T19:46:52Z"}
{"t":"2026-10-01T21:05:14Z","event":"runner_exit","run":170,"exit":"0","waited_s":4680}
{"t":"2026-10-01T21:07:32Z","event":"run_closed","run":170}
{"t":"2026-10-01T21:07:32Z","event":"attempt","cell":"AA","lane":3,"run":174}
{"t":"2026-10-01T21:08:23Z","event":"runner_start","run":174,"arm_ready":"2026-10-01T21:08:23Z"}
{"t":"2026-10-01T22:27:45Z","event":"runner_exit","run":174,"exit":"0","waited_s":4740}
{"t":"2026-10-01T22:30:12Z","event":"run_closed","run":174}
{"t":"2026-10-01T22:30:12Z","event":"attempt","cell":"AA","lane":3,"run":177}
{"t":"2026-10-01T22:31:07Z","event":"runner_start","run":177,"arm_ready":"2026-10-01T22:31:07Z"}
{"t":"2026-10-01T23:50:32Z","event":"runner_exit","run":177,"exit":"0","waited_s":4740}
{"t":"2026-10-01T23:52:59Z","event":"run_closed","run":177}
{"t":"2026-10-01T23:52:59Z","event":"attempt","cell":"AA","lane":3,"run":181}
{"t":"2026-10-01T23:53:54Z","event":"runner_start","run":181,"arm_ready":"2026-10-01T23:53:54Z"}
{"t":"2026-10-02T01:12:19Z","event":"runner_exit","run":181,"exit":"0","waited_s":4680}
{"t":"2026-10-02T01:14:36Z","event":"run_closed","run":181}
{"t":"2026-10-02T01:14:36Z","event":"lane_done","lane":3,"runs":25}
