{"t":"2026-09-30T14:58:20Z","event":"attempt","cell":"AA","lane":1,"run":84}
{"t":"2026-09-30T14:59:22Z","event":"runner_start","run":84,"arm_ready":"2026-09-30T14:59:22Z"}
{"t":"2026-09-30T16:18:45Z","event":"runner_exit","run":84,"exit":"0","waited_s":4740}
{"t":"2026-09-30T16:21:02Z","event":"run_closed","run":84}
{"t":"2026-09-30T16:21:02Z","event":"attempt","cell":"AA","lane":1,"run":89}
{"t":"2026-09-30T16:21:53Z","event":"runner_start","run":89,"arm_ready":"2026-09-30T16:21:53Z"}
{"t":"2026-09-30T17:40:17Z","event":"runner_exit","run":89,"exit":"0","waited_s":4680}
{"t":"2026-09-30T17:42:34Z","event":"run_closed","run":89}
{"t":"2026-09-30T17:42:34Z","event":"attempt","cell":"AA","lane":1,"run":92}
{"t":"2026-09-30T17:43:23Z","event":"runner_start","run":92,"arm_ready":"2026-09-30T17:43:23Z"}
{"t":"2026-09-30T19:02:45Z","event":"runner_exit","run":92,"exit":"0","waited_s":4740}
{"t":"2026-09-30T19:05:03Z","event":"run_closed","run":92}
{"t":"2026-09-30T19:05:03Z","event":"attempt","cell":"AA","lane":1,"run":97}
{"t":"2026-09-30T19:05:54Z","event":"runner_start","run":97,"arm_ready":"2026-09-30T19:05:54Z"}
{"t":"2026-09-30T20:24:17Z","event":"runner_exit","run":97,"exit":"0","waited_s":4680}
{"t":"2026-09-30T20:26:33Z","event":"run_closed","run":97}
{"t":"2026-09-30T20:26:33Z","event":"attempt","cell":"AA","lane":1,"run":100}
{"t":"2026-09-30T20:27:26Z","event":"runner_start","run":100,"arm_ready":"2026-09-30T20:27:26Z"}
{"t":"2026-09-30T21:46:48Z","event":"runner_exit","run":100,"exit":"0","waited_s":4740}
{"t":"2026-09-30T21:49:06Z","event":"run_closed","run":100}
{"t":"2026-09-30T21:49:06Z","event":"attempt","cell":"AA","lane":1,"run":105}
{"t":"2026-09-30T21:49:56Z","event":"runner_start","run":105,"arm_ready":"2026-09-30T21:49:56Z"}
{"t":"2026-09-30T23:08:19Z","event":"runner_exit","run":105,"exit":"0","waited_s":4680}
{"t":"2026-09-30T23:10:36Z","event":"run_closed","run":105}
{"t":"2026-09-30T23:10:36Z","event":"attempt","cell":"AA","lane":1,"run":108}
{"t":"2026-09-30T23:11:29Z","event":"runner_start","run":108,"arm_ready":"2026-09-30T23:11:29Z"}
{"t":"2026-10-01T00:30:51Z","event":"runner_exit","run":108,"exit":"0","waited_s":4740}
{"t":"2026-10-01T00:33:09Z","event":"run_closed","run":108}
{"t":"2026-10-01T00:33:09Z","event":"attempt","cell":"AA","lane":1,"run":113}
{"t":"2026-10-01T00:34:00Z","event":"runner_start","run":113,"arm_ready":"2026-10-01T00:34:00Z"}
{"t":"2026-10-01T01:53:22Z","event":"runner_exit","run":113,"exit":"0","waited_s":4740}
{"t":"2026-10-01T01:55:40Z","event":"run_closed","run":113}
{"t":"2026-10-01T01:55:40Z","event":"attempt","cell":"AA","lane":1,"run":117}
{"t":"2026-10-01T01:56:28Z","event":"runner_start","run":117,"arm_ready":"2026-10-01T01:56:28Z"}
{"t":"2026-10-01T03:15:50Z","event":"runner_exit","run":117,"exit":"0","waited_s":4740}
{"t":"2026-10-01T03:18:07Z","event":"run_closed","run":117}
{"t":"2026-10-01T03:18:07Z","event":"attempt","cell":"AA","lane":1,"run":121}
{"t":"2026-10-01T03:18:56Z","event":"runner_start","run":121,"arm_ready":"2026-10-01T03:18:56Z"}
{"t":"2026-10-01T04:37:18Z","event":"runner_exit","run":121,"exit":"0","waited_s":4680}
{"t":"2026-10-01T04:39:35Z","event":"run_closed","run":121}
{"t":"2026-10-01T04:39:35Z","event":"attempt","cell":"AA","lane":1,"run":125}
{"t":"2026-10-01T04:40:38Z","event":"runner_start","run":125,"arm_ready":"2026-10-01T04:40:38Z"}
{"t":"2026-10-01T05:59:00Z","event":"runner_exit","run":125,"exit":"0","waited_s":4680}
{"t":"2026-10-01T06:01:17Z","event":"run_closed","run":125}
{"t":"2026-10-01T06:01:17Z","event":"attempt","cell":"AA","lane":1,"run":128}
{"t":"2026-10-01T06:02:19Z","event":"runner_start","run":128,"arm_ready":"2026-10-01T06:02:19Z"}
{"t":"2026-10-01T07:21:41Z","event":"runner_exit","run":128,"exit":"0","waited_s":4740}
{"t":"2026-10-01T07:23:58Z","event":"run_closed","run":128}
{"t":"2026-10-01T07:23:58Z","event":"attempt","cell":"AA","lane":1,"run":132}
{"t":"2026-10-01T07:24:47Z","event":"runner_start","run":132,"arm_ready":"2026-10-01T07:24:47Z"}
{"t":"2026-10-01T08:43:10Z","event":"runner_exit","run":132,"exit":"0","waited_s":4680}
{"t":"2026-10-01T08:45:26Z","event":"run_closed","run":132}
{"t":"2026-10-01T08:45:27Z","event":"attempt","cell":"AA","lane":1,"run":136}
{"t":"2026-10-01T08:46:26Z","event":"runner_start","run":136,"arm_ready":"2026-10-01T08:46:26Z"}
{"t":"2026-10-01T10:05:48Z","event":"runner_exit","run":136,"exit":"0","waited_s":4740}
{"t":"2026-10-01T10:08:06Z","event":"run_closed","run":136}
{"t":"2026-10-01T10:08:06Z","event":"attempt","cell":"AA","lane":1,"run":140}
{"t":"2026-10-01T10:08:53Z","event":"runner_start","run":140,"arm_ready":"2026-10-01T10:08:53Z"}
{"t":"2026-10-01T11:27:16Z","event":"runner_exit","run":140,"exit":"0","waited_s":4680}
{"t":"2026-10-01T11:29:33Z","event":"run_closed","run":140}
{"t":"2026-10-01T11:29:33Z","event":"attempt","cell":"AA","lane":1,"run":144}
{"t":"2026-10-01T11:30:22Z","event":"runner_start","run":144,"arm_ready":"2026-10-01T11:30:22Z"}
{"t":"2026-10-01T12:49:44Z","event":"runner_exit","run":144,"exit":"0","waited_s":4740}
{"t":"2026-10-01T12:52:01Z","event":"run_closed","run":144}
{"t":"2026-10-01T12:52:01Z","event":"attempt","cell":"AA","lane":1,"run":148}
{"t":"2026-10-01T12:53:02Z","event":"runner_start","run":148,"arm_ready":"2026-10-01T12:53:02Z"}
{"t":"2026-10-01T14:12:24Z","event":"runner_exit","run":148,"exit":"0","waited_s":4740}
{"t":"2026-10-01T14:14:43Z","event":"run_closed","run":148}
{"t":"2026-10-01T14:14:43Z","event":"attempt","cell":"AA","lane":1,"run":152}
{"t":"2026-10-01T14:15:34Z","event":"runner_start","run":152,"arm_ready":"2026-10-01T14:15:34Z"}
{"t":"2026-10-01T15:34:56Z","event":"runner_exit","run":152,"exit":"0","waited_s":4740}
{"t":"2026-10-01T15:37:14Z","event":"run_closed","run":152}
{"t":"2026-10-01T15:37:14Z","event":"attempt","cell":"AA","lane":1,"run":156}
{"t":"2026-10-01T15:38:44Z","event":"runner_start","run":156,"arm_ready":"2026-10-01T15:38:44Z"}
{"t":"2026-10-01T16:57:06Z","event":"runner_exit","run":156,"exit":"0","waited_s":4680}
{"t":"2026-10-01T16:59:24Z","event":"run_closed","run":156}
{"t":"2026-10-01T16:59:24Z","event":"attempt","cell":"AA","lane":1,"run":160}
{"t":"2026-10-01T17:00:16Z","event":"runner_start","run":160,"arm_ready":"2026-10-01T17:00:16Z"}
{"t":"2026-10-01T18:19:38Z","event":"runner_exit","run":160,"exit":"0","waited_s":4740}
{"t":"2026-10-01T18:21:55Z","event":"run_closed","run":160}
{"t":"2026-10-01T18:21:55Z","event":"attempt","cell":"AA","lane":1,"run":164}
{"t":"2026-10-01T18:22:43Z","event":"runner_start","run":164,"arm_ready":"2026-10-01T18:22:43Z"}
{"t":"2026-10-01T19:41:06Z","event":"runner_exit","run":164,"exit":"0","waited_s":4680}
{"t":"2026-10-01T19:43:25Z","event":"run_closed","run":164}
{"t":"2026-10-01T19:43:25Z","event":"attempt","cell":"AA","lane":1,"run":168}
{"t":"2026-10-01T19:44:16Z","event":"runner_start","run":168,"arm_ready":"2026-10-01T19:44:16Z"}
{"t":"2026-10-01T21:03:38Z","event":"runner_exit","run":168,"exit":"0","waited_s":4740}
{"t":"2026-10-01T21:05:58Z","event":"run_closed","run":168}
{"t":"2026-10-01T21:05:58Z","event":"attempt","cell":"AA","lane":1,"run":172}
{"t":"2026-10-01T21:06:47Z","event":"runner_start","run":172,"arm_ready":"2026-10-01T21:06:47Z"}
{"t":"2026-10-01T22:25:10Z","event":"runner_exit","run":172,"exit":"0","waited_s":4680}
{"t":"2026-10-01T22:27:27Z","event":"run_closed","run":172}
{"t":"2026-10-01T22:27:27Z","event":"attempt","cell":"AA","lane":1,"run":176}
{"t":"2026-10-01T22:28:19Z","event":"runner_start","run":176,"arm_ready":"2026-10-01T22:28:19Z"}
{"t":"2026-10-01T23:47:41Z","event":"runner_exit","run":176,"exit":"0","waited_s":4740}
{"t":"2026-10-01T23:50:00Z","event":"run_closed","run":176}
{"t":"2026-10-01T23:50:00Z","event":"attempt","cell":"AA","lane":1,"run":180}
{"t":"2026-10-01T23:50:53Z","event":"runner_start","run":180,"arm_ready":"2026-10-01T23:50:53Z"}
{"t":"2026-10-02T01:09:18Z","event":"runner_exit","run":180,"exit":"0","waited_s":4680}
{"t":"2026-10-02T01:11:35Z","event":"run_closed","run":180}
{"t":"2026-10-02T01:11:35Z","event":"lane_done","lane":1,"runs":25}
