{"t":"2026-09-30T14:59:05Z","event":"attempt","cell":"AA","lane":2,"run":85}
{"t":"2026-09-30T14:59:56Z","event":"runner_start","run":85,"arm_ready":"2026-09-30T14:59:56Z"}
{"t":"2026-09-30T16:18:18Z","event":"runner_exit","run":85,"exit":"0","waited_s":4680}
{"t":"2026-09-30T16:20:35Z","event":"run_closed","run":85}
{"t":"2026-09-30T16:20:35Z","event":"attempt","cell":"AA","lane":2,"run":88}
{"t":"2026-09-30T16:21:28Z","event":"runner_start","run":88,"arm_ready":"2026-09-30T16:21:27Z"}
{"t":"2026-09-30T17:40:50Z","event":"runner_exit","run":88,"exit":"0","waited_s":4740}
{"t":"2026-09-30T17:43:07Z","event":"run_closed","run":88}
{"t":"2026-09-30T17:43:07Z","event":"attempt","cell":"AA","lane":2,"run":93}
{"t":"2026-09-30T17:43:55Z","event":"runner_start","run":93,"arm_ready":"2026-09-30T17:43:55Z"}
{"t":"2026-09-30T19:02:18Z","event":"runner_exit","run":93,"exit":"0","waited_s":4680}
{"t":"2026-09-30T19:04:35Z","event":"run_closed","run":93}
{"t":"2026-09-30T19:04:35Z","event":"attempt","cell":"AA","lane":2,"run":96}
{"t":"2026-09-30T19:05:39Z","event":"runner_start","run":96,"arm_ready":"2026-09-30T19:05:39Z"}
{"t":"2026-09-30T20:24:02Z","event":"runner_exit","run":96,"exit":"0","waited_s":4680}
{"t":"2026-09-30T20:26:19Z","event":"run_closed","run":96}
{"t":"2026-09-30T20:26:19Z","event":"attempt","cell":"AA","lane":2,"run":99}
{"t":"2026-09-30T20:27:12Z","event":"runner_start","run":99,"arm_ready":"2026-09-30T20:27:12Z"}
{"t":"2026-09-30T21:46:34Z","event":"runner_exit","run":99,"exit":"0","waited_s":4740}
{"t":"2026-09-30T21:48:51Z","event":"run_closed","run":99}
{"t":"2026-09-30T21:48:51Z","event":"attempt","cell":"AA","lane":2,"run":104}
{"t":"2026-09-30T21:49:42Z","event":"runner_start","run":104,"arm_ready":"2026-09-30T21:49:42Z"}
{"t":"2026-09-30T23:08:05Z","event":"runner_exit","run":104,"exit":"0","waited_s":4680}
{"t":"2026-09-30T23:10:23Z","event":"run_closed","run":104}
{"t":"2026-09-30T23:10:23Z","event":"attempt","cell":"AA","lane":2,"run":107}
{"t":"2026-09-30T23:11:16Z","event":"runner_start","run":107,"arm_ready":"2026-09-30T23:11:16Z"}
{"t":"2026-10-01T00:30:37Z","event":"runner_exit","run":107,"exit":"0","waited_s":4740}
{"t":"2026-10-01T00:32:55Z","event":"run_closed","run":107}
{"t":"2026-10-01T00:32:55Z","event":"attempt","cell":"AA","lane":2,"run":112}
{"t":"2026-10-01T00:33:47Z","event":"runner_start","run":112,"arm_ready":"2026-10-01T00:33:47Z"}
{"t":"2026-10-01T01:52:10Z","event":"runner_exit","run":112,"exit":"0","waited_s":4680}
{"t":"2026-10-01T01:54:27Z","event":"run_closed","run":112}
{"t":"2026-10-01T01:54:27Z","event":"attempt","cell":"AA","lane":2,"run":115}
{"t":"2026-10-01T01:55:07Z","event":"runner_start","run":115,"arm_ready":"2026-10-01T01:55:07Z"}
{"t":"2026-10-01T03:14:29Z","event":"runner_exit","run":115,"exit":"0","waited_s":4740}
{"t":"2026-10-01T03:16:47Z","event":"run_closed","run":115}
{"t":"2026-10-01T03:16:47Z","event":"attempt","cell":"AA","lane":2,"run":120}
{"t":"2026-10-01T03:17:36Z","event":"runner_start","run":120,"arm_ready":"2026-10-01T03:17:36Z"}
{"t":"2026-10-01T04:36:58Z","event":"runner_exit","run":120,"exit":"0","waited_s":4740}
{"t":"2026-10-01T04:39:16Z","event":"run_closed","run":120}
{"t":"2026-10-01T04:39:16Z","event":"attempt","cell":"AA","lane":2,"run":124}
{"t":"2026-10-01T04:40:07Z","event":"runner_start","run":124,"arm_ready":"2026-10-01T04:40:07Z"}
{"t":"2026-10-01T05:59:29Z","event":"runner_exit","run":124,"exit":"0","waited_s":4740}
{"t":"2026-10-01T06:01:46Z","event":"run_closed","run":124}
{"t":"2026-10-01T06:01:46Z","event":"attempt","cell":"AA","lane":2,"run":129}
{"t":"2026-10-01T06:02:34Z","event":"runner_start","run":129,"arm_ready":"2026-10-01T06:02:34Z"}
{"t":"2026-10-01T07:21:56Z","event":"runner_exit","run":129,"exit":"0","waited_s":4740}
{"t":"2026-10-01T07:24:14Z","event":"run_closed","run":129}
{"t":"2026-10-01T07:24:14Z","event":"attempt","cell":"AA","lane":2,"run":133}
{"t":"2026-10-01T07:25:03Z","event":"runner_start","run":133,"arm_ready":"2026-10-01T07:25:03Z"}
{"t":"2026-10-01T08:44:25Z","event":"runner_exit","run":133,"exit":"0","waited_s":4740}
{"t":"2026-10-01T08:46:46Z","event":"run_closed","run":133}
{"t":"2026-10-01T08:46:46Z","event":"attempt","cell":"AA","lane":2,"run":137}
{"t":"2026-10-01T08:47:35Z","event":"runner_start","run":137,"arm_ready":"2026-10-01T08:47:35Z"}
{"t":"2026-10-01T10:06:57Z","event":"runner_exit","run":137,"exit":"0","waited_s":4740}
{"t":"2026-10-01T10:09:16Z","event":"run_closed","run":137}
{"t":"2026-10-01T10:09:16Z","event":"attempt","cell":"AA","lane":2,"run":141}
{"t":"2026-10-01T10:10:30Z","event":"runner_start","run":141,"arm_ready":"2026-10-01T10:10:30Z"}
{"t":"2026-10-01T11:29:52Z","event":"runner_exit","run":141,"exit":"0","waited_s":4740}
{"t":"2026-10-01T11:32:14Z","event":"run_closed","run":141}
{"t":"2026-10-01T11:32:14Z","event":"attempt","cell":"AA","lane":2,"run":146}
{"t":"2026-10-01T11:33:02Z","event":"runner_start","run":146,"arm_ready":"2026-10-01T11:33:02Z"}
{"t":"2026-10-01T12:52:24Z","event":"runner_exit","run":146,"exit":"0","waited_s":4740}
{"t":"2026-10-01T12:54:42Z","event":"run_closed","run":146}
{"t":"2026-10-01T12:54:42Z","event":"attempt","cell":"AA","lane":2,"run":150}
{"t":"2026-10-01T12:55:30Z","event":"runner_start","run":150,"arm_ready":"2026-10-01T12:55:30Z"}
{"t":"2026-10-01T14:14:52Z","event":"runner_exit","run":150,"exit":"0","waited_s":4740}
{"t":"2026-10-01T14:17:11Z","event":"run_closed","run":150}
{"t":"2026-10-01T14:17:11Z","event":"attempt","cell":"AA","lane":2,"run":154}
{"t":"2026-10-01T14:17:59Z","event":"runner_start","run":154,"arm_ready":"2026-10-01T14:17:59Z"}
{"t":"2026-10-01T15:36:21Z","event":"runner_exit","run":154,"exit":"0","waited_s":4680}
{"t":"2026-10-01T15:38:39Z","event":"run_closed","run":154}
{"t":"2026-10-01T15:38:39Z","event":"attempt","cell":"AA","lane":2,"run":158}
{"t":"2026-10-01T15:40:07Z","event":"runner_start","run":158,"arm_ready":"2026-10-01T15:40:07Z"}
{"t":"2026-10-01T16:59:29Z","event":"runner_exit","run":158,"exit":"0","waited_s":4740}
{"t":"2026-10-01T17:01:48Z","event":"run_closed","run":158}
{"t":"2026-10-01T17:01:48Z","event":"attempt","cell":"AA","lane":2,"run":161}
{"t":"2026-10-01T17:02:38Z","event":"runner_start","run":161,"arm_ready":"2026-10-01T17:02:38Z"}
{"t":"2026-10-01T18:21:00Z","event":"runner_exit","run":161,"exit":"0","waited_s":4680}
{"t":"2026-10-01T18:23:17Z","event":"run_closed","run":161}
{"t":"2026-10-01T18:23:17Z","event":"attempt","cell":"AA","lane":2,"run":165}
{"t":"2026-10-01T18:24:06Z","event":"runner_start","run":165,"arm_ready":"2026-10-01T18:24:06Z"}
{"t":"2026-10-01T19:43:28Z","event":"runner_exit","run":165,"exit":"0","waited_s":4740}
{"t":"2026-10-01T19:45:48Z","event":"run_closed","run":165}
{"t":"2026-10-01T19:45:48Z","event":"attempt","cell":"AA","lane":2,"run":169}
{"t":"2026-10-01T19:46:39Z","event":"runner_start","run":169,"arm_ready":"2026-10-01T19:46:39Z"}
{"t":"2026-10-01T21:05:01Z","event":"runner_exit","run":169,"exit":"0","waited_s":4680}
{"t":"2026-10-01T21:07:18Z","event":"run_closed","run":169}
{"t":"2026-10-01T21:07:18Z","event":"attempt","cell":"AA","lane":2,"run":173}
{"t":"2026-10-01T21:08:23Z","event":"runner_start","run":173,"arm_ready":"2026-10-01T21:08:23Z"}
{"t":"2026-10-01T22:27:45Z","event":"runner_exit","run":173,"exit":"0","waited_s":4740}
{"t":"2026-10-01T22:30:12Z","event":"run_closed","run":173}
{"t":"2026-10-01T22:30:12Z","event":"attempt","cell":"AA","lane":2,"run":178}
{"t":"2026-10-01T22:31:08Z","event":"runner_start","run":178,"arm_ready":"2026-10-01T22:31:08Z"}
{"t":"2026-10-01T23:50:32Z","event":"runner_exit","run":178,"exit":"0","waited_s":4740}
{"t":"2026-10-01T23:52:59Z","event":"run_closed","run":178}
{"t":"2026-10-01T23:52:59Z","event":"attempt","cell":"AA","lane":2,"run":182}
{"t":"2026-10-01T23:53:42Z","event":"runner_start","run":182,"arm_ready":"2026-10-01T23:53:42Z"}
{"t":"2026-10-02T01:12:05Z","event":"runner_exit","run":182,"exit":"0","waited_s":4680}
{"t":"2026-10-02T01:14:21Z","event":"run_closed","run":182}
{"t":"2026-10-02T01:14:21Z","event":"lane_done","lane":2,"runs":25}
